<html>
<body>
<pre>
<h1>µVision Build Log</h1>
<h2>Project:</h2>
E:\Keil\ÖÇÄÜËø\·¢ËÍ¶Ë\lock\Obj\STM32.uvproj
Project File Date:  06/01/2017

<h2>Output:</h2>
Build target 'STM32'
compiling mian.c...
..\User\mian.c(53): warning:  #177-D: variable "status" was declared but never referenced
linking...
Program Size: Code=8140 RO-data=268 RW-data=72 ZI-data=1056  
FromELF: creating hex file...
".\STM32.axf" - 0 Errors, 1 Warning(s).
Build target 'STM32'
compiling mian.c...
..\User\mian.c(53): warning:  #177-D: variable "status" was declared but never referenced
linking...
Program Size: Code=8140 RO-data=268 RW-data=72 ZI-data=1056  
FromELF: creating hex file...
".\STM32.axf" - 0 Errors, 1 Warning(s).
Load "E:\\Keil\\ÖÇÄÜËø\\·¢ËÍ¶Ë\\lock\\Obj\\STM32.axf" 
Set JLink Project File to "E:\Keil\ÖÇÄÜËø\·¢ËÍ¶Ë\lock\Obj\JLinkSettings.ini"
* JLink Info: Device "STM32F103T8" selected (64 KB flash, 20 KB RAM).
 
JLink info:
------------
DLL: V4.68a, compiled Apr 12 2013 13:26:50
Firmware: J-Link ARM V8 compiled May 27 2009 17:31:22
Hardware: V8.00
S/N : 1631096674 
Feature(s) : RDI,FlashDL,FlashBP,JFlash,GDBFULL 
 
* JLink Info: Found SWD-DP with ID 0x1BA01477
* JLink Info: Found SWD-DP with ID 0x1BA01477
* JLink Info: TPIU fitted.
* JLink Info: FPUnit: 6 code (BP) slots and 2 literal slots
* JLink Info: Found Cortex-M3 r1p1, Little endian.
ROMTableAddr = 0xE00FF003
 
Target info:
------------
Device: STM32F103T8
VTarget = 3.313V
State of Pins: 
TCK: 0, TDI: 0, TDO: 0, TMS: 0, TRES: 1, TRST: 1
Hardware-Breakpoints: 6
Software-Breakpoints: 8192
Watchpoints:          4
JTAG speed: 3000 kHz
 
Erase Done.
Programming Done.
Verify OK.
Application running ...
