<html>
<body>
<pre>
<h1>礦ision Build Log</h1>
<h2>Project:</h2>
E:\Keil\智能锁\接收端\lock\Obj\STM32.uvproj
Project File Date:  06/17/2017

<h2>Output:</h2>
Build target 'STM32'
compiling mian.c...
..\User\mian.c(59): warning:  #177-D: variable "lock_status" was declared but never referenced
compiling stm32f10x_it.c...
compiling audio.c...
compiling busybox.c...
..\User\busybox.c(28): warning:  #144-D: a value of type "void (*)(char *)" cannot be used to initialize an entity of type "FUNC"
..\User\busybox.c(29): warning:  #144-D: a value of type "void (*)(char *)" cannot be used to initialize an entity of type "FUNC"
compiling lock.c...
compiling common.c...
compiling RS485.c...
compiling nrf24l01.c...
compiling power.c...
linking...
.\STM32.axf: Error: L6218E: Undefined symbol work_status (referred from common.o).
".\STM32.axf" - 1 Errors, 3 Warning(s).
Target not created
Build target 'STM32'
compiling busybox.c...
..\User\busybox.c(28): warning:  #144-D: a value of type "void (*)(char *)" cannot be used to initialize an entity of type "FUNC"
..\User\busybox.c(29): warning:  #144-D: a value of type "void (*)(char *)" cannot be used to initialize an entity of type "FUNC"
linking...
.\STM32.axf: Error: L6218E: Undefined symbol work_status (referred from common.o).
".\STM32.axf" - 1 Errors, 2 Warning(s).
Target not created
Load "E:\\Keil\\智能锁\\接收端\\lock\\Obj\\STM32.axf" 
_____^
*** error 56: cannot open file
Build target 'STM32'
compiling mian.c...
..\User\mian.c(59): warning:  #177-D: variable "lock_status" was declared but never referenced
compiling stm32f10x_it.c...
compiling audio.c...
compiling busybox.c...
compiling lock.c...
compiling common.c...
..\User\common.c(83): warning:  #940-D: missing return statement at end of non-void function "wakeup"
..\User\common.c(89): warning:  #940-D: missing return statement at end of non-void function "sleep"
compiling RS485.c...
compiling nrf24l01.c...
compiling power.c...
linking...
.\STM32.axf: Error: L6218E: Undefined symbol work_status (referred from common.o).
".\STM32.axf" - 1 Errors, 3 Warning(s).
Target not created
Build target 'STM32'
compiling common.c...
linking...
.\STM32.axf: Error: L6218E: Undefined symbol work_status (referred from common.o).
".\STM32.axf" - 1 Errors, 0 Warning(s).
Target not created
Load "E:\\Keil\\智能锁\\接收端\\lock\\Obj\\STM32.axf" 
_____^
*** error 56: cannot open file
Build target 'STM32'
compiling mian.c...
..\User\mian.c(59): warning:  #177-D: variable "lock_status" was declared but never referenced
compiling stm32f10x_it.c...
compiling audio.c...
compiling busybox.c...
compiling lock.c...
compiling common.c...
compiling RS485.c...
compiling nrf24l01.c...
compiling power.c...
linking...
.\STM32.axf: Error: L6218E: Undefined symbol work_status (referred from common.o).
".\STM32.axf" - 1 Errors, 1 Warning(s).
Target not created
Build target 'STM32'
compiling mian.c...
..\User\mian.c(59): warning:  #177-D: variable "lock_status" was declared but never referenced
compiling stm32f10x_it.c...
compiling audio.c...
compiling busybox.c...
compiling lock.c...
compiling common.c...
compiling RS485.c...
compiling nrf24l01.c...
compiling power.c...
linking...
Program Size: Code=8964 RO-data=276 RW-data=152 ZI-data=1064  
FromELF: creating hex file...
".\STM32.axf" - 0 Errors, 1 Warning(s).
Build target 'STM32'
linking...
Program Size: Code=8964 RO-data=276 RW-data=152 ZI-data=1064  
FromELF: creating hex file...
".\STM32.axf" - 0 Errors, 0 Warning(s).
Build target 'STM32'
compiling mian.c...
..\User\mian.c(59): warning:  #177-D: variable "lock_status" was declared but never referenced
compiling common.c...
linking...
Program Size: Code=9000 RO-data=276 RW-data=152 ZI-data=1064  
FromELF: creating hex file...
".\STM32.axf" - 0 Errors, 1 Warning(s).
Load "E:\\Keil\\智能锁\\接收端\\lock\\Obj\\STM32.axf" 
Set JLink Project File to "E:\Keil\智能锁\接收端\lock\Obj\JLinkSettings.ini"
* JLink Info: Device "STM32F103T8" selected (64 KB flash, 20 KB RAM).
 
JLink info:
------------
DLL: V4.68a, compiled Apr 12 2013 13:26:50
Firmware: J-Link ARM V8 compiled May 27 2009 17:31:22
Hardware: V8.00
S/N : 1631096674 
Feature(s) : RDI,FlashDL,FlashBP,JFlash,GDBFULL 
 
* JLink Info: Found SWD-DP with ID 0x1BA01477
* JLink Info: STM32F1xxx: Can not attach to CPU. Trying connect under reset.
* JLink Info: Found SWD-DP with ID 0x1BA01477
Load "E:\\Keil\\智能锁\\接收端\\lock\\Obj\\STM32.axf" 
Set JLink Project File to "E:\Keil\智能锁\接收端\lock\Obj\JLinkSettings.ini"
* JLink Info: Device "STM32F103T8" selected (64 KB flash, 20 KB RAM).
 
JLink info:
------------
DLL: V4.68a, compiled Apr 12 2013 13:26:50
Firmware: J-Link ARM V8 compiled May 27 2009 17:31:22
Hardware: V8.00
S/N : 1631096674 
Feature(s) : RDI,FlashDL,FlashBP,JFlash,GDBFULL 
 
* JLink Info: Found SWD-DP with ID 0x1BA01477
* JLink Info: STM32F1xxx: Can not attach to CPU. Trying connect under reset.
* JLink Info: Found SWD-DP with ID 0x1BA01477
Load "E:\\Keil\\智能锁\\接收端\\lock\\Obj\\STM32.axf" 
Set JLink Project File to "E:\Keil\智能锁\接收端\lock\Obj\JLinkSettings.ini"
* JLink Info: Device "STM32F103T8" selected (64 KB flash, 20 KB RAM).
 
JLink info:
------------
DLL: V4.68a, compiled Apr 12 2013 13:26:50
Firmware: J-Link ARM V8 compiled May 27 2009 17:31:22
Hardware: V8.00
S/N : 1631096674 
Feature(s) : RDI,FlashDL,FlashBP,JFlash,GDBFULL 
 
* JLink Info: Found SWD-DP with ID 0x1BA01477
* JLink Info: Found SWD-DP with ID 0x1BA01477
* JLink Info: TPIU fitted.
* JLink Info: FPUnit: 6 code (BP) slots and 2 literal slots
* JLink Info: Found Cortex-M3 r1p1, Little endian.
ROMTableAddr = 0xE00FF003
 
Target info:
------------
Device: STM32F103T8
VTarget = 3.293V
State of Pins: 
TCK: 0, TDI: 0, TDO: 0, TMS: 0, TRES: 1, TRST: 0
Hardware-Breakpoints: 6
Software-Breakpoints: 8192
Watchpoints:          4
JTAG speed: 3000 kHz
 
Erase Done.
Programming Done.
Verify OK.
Application running ...
Build target 'STM32'
compiling mian.c...
..\User\mian.c(59): warning:  #177-D: variable "lock_status" was declared but never referenced
compiling common.c...
linking...
Program Size: Code=9004 RO-data=276 RW-data=152 ZI-data=1064  
FromELF: creating hex file...
".\STM32.axf" - 0 Errors, 1 Warning(s).
Load "E:\\Keil\\智能锁\\接收端\\lock\\Obj\\STM32.axf" 
Set JLink Project File to "E:\Keil\智能锁\接收端\lock\Obj\JLinkSettings.ini"
* JLink Info: Device "STM32F103T8" selected (64 KB flash, 20 KB RAM).
 
JLink info:
------------
DLL: V4.68a, compiled Apr 12 2013 13:26:50
Firmware: J-Link ARM V8 compiled May 27 2009 17:31:22
Hardware: V8.00
S/N : 1631096674 
Feature(s) : RDI,FlashDL,FlashBP,JFlash,GDBFULL 
 
* JLink Info: Found SWD-DP with ID 0x1BA01477
* JLink Info: Found SWD-DP with ID 0x1BA01477
* JLink Info: TPIU fitted.
* JLink Info: FPUnit: 6 code (BP) slots and 2 literal slots
* JLink Info: Found Cortex-M3 r1p1, Little endian.
ROMTableAddr = 0xE00FF003
 
Target info:
------------
Device: STM32F103T8
VTarget = 3.352V
State of Pins: 
TCK: 0, TDI: 0, TDO: 0, TMS: 0, TRES: 1, TRST: 1
Hardware-Breakpoints: 6
Software-Breakpoints: 8192
Watchpoints:          4
JTAG speed: 3000 kHz
 
Erase Done.
Programming Done.
Verify OK.
Application running ...
Build target 'STM32'
compiling common.c...
linking...
Program Size: Code=9004 RO-data=276 RW-data=152 ZI-data=1064  
FromELF: creating hex file...
".\STM32.axf" - 0 Errors, 0 Warning(s).
Load "E:\\Keil\\智能锁\\接收端\\lock\\Obj\\STM32.axf" 
Set JLink Project File to "E:\Keil\智能锁\接收端\lock\Obj\JLinkSettings.ini"
* JLink Info: Device "STM32F103T8" selected (64 KB flash, 20 KB RAM).
 
JLink info:
------------
DLL: V4.68a, compiled Apr 12 2013 13:26:50
Firmware: J-Link ARM V8 compiled May 27 2009 17:31:22
Hardware: V8.00
S/N : 1631096674 
Feature(s) : RDI,FlashDL,FlashBP,JFlash,GDBFULL 
 
* JLink Info: Found SWD-DP with ID 0x1BA01477
* JLink Info: Found SWD-DP with ID 0x1BA01477
* JLink Info: TPIU fitted.
* JLink Info: FPUnit: 6 code (BP) slots and 2 literal slots
* JLink Info: Found Cortex-M3 r1p1, Little endian.
ROMTableAddr = 0xE00FF003
 
Target info:
------------
Device: STM32F103T8
VTarget = 3.352V
State of Pins: 
TCK: 0, TDI: 0, TDO: 0, TMS: 0, TRES: 1, TRST: 1
Hardware-Breakpoints: 6
Software-Breakpoints: 8192
Watchpoints:          4
JTAG speed: 3000 kHz
 
Erase Done.
Programming Done.
Verify OK.
Application running ...
Build target 'STM32'
compiling mian.c...
..\User\mian.c(59): warning:  #177-D: variable "lock_status" was declared but never referenced
compiling stm32f10x_it.c...
compiling common.c...
linking...
Program Size: Code=8952 RO-data=276 RW-data=152 ZI-data=1064  
FromELF: creating hex file...
".\STM32.axf" - 0 Errors, 1 Warning(s).
Load "E:\\Keil\\智能锁\\接收端\\lock\\Obj\\STM32.axf" 
Set JLink Project File to "E:\Keil\智能锁\接收端\lock\Obj\JLinkSettings.ini"
* JLink Info: Device "STM32F103T8" selected (64 KB flash, 20 KB RAM).
 
JLink info:
------------
DLL: V4.68a, compiled Apr 12 2013 13:26:50
Firmware: J-Link ARM V8 compiled May 27 2009 17:31:22
Hardware: V8.00
S/N : 1631096674 
Feature(s) : RDI,FlashDL,FlashBP,JFlash,GDBFULL 
 
* JLink Info: Found SWD-DP with ID 0x1BA01477
* JLink Info: Found SWD-DP with ID 0x1BA01477
* JLink Info: TPIU fitted.
* JLink Info: FPUnit: 6 code (BP) slots and 2 literal slots
* JLink Info: Found Cortex-M3 r1p1, Little endian.
ROMTableAddr = 0xE00FF003
 
Target info:
------------
Device: STM32F103T8
VTarget = 3.352V
State of Pins: 
TCK: 0, TDI: 0, TDO: 0, TMS: 0, TRES: 1, TRST: 1
Hardware-Breakpoints: 6
Software-Breakpoints: 8192
Watchpoints:          4
JTAG speed: 3000 kHz
 
Erase Done.
Programming Done.
Verify OK.
Application running ...
Build target 'STM32'
compiling mian.c...
..\User\mian.c(59): warning:  #177-D: variable "lock_status" was declared but never referenced
compiling stm32f10x_it.c...
linking...
Program Size: Code=8952 RO-data=276 RW-data=152 ZI-data=1064  
FromELF: creating hex file...
".\STM32.axf" - 0 Errors, 1 Warning(s).
Build target 'STM32'
compiling mian.c...
..\User\mian.c(59): warning:  #177-D: variable "lock_status" was declared but never referenced
linking...
Program Size: Code=8952 RO-data=276 RW-data=152 ZI-data=1064  
FromELF: creating hex file...
".\STM32.axf" - 0 Errors, 1 Warning(s).
Load "E:\\Keil\\智能锁\\接收端\\lock\\Obj\\STM32.axf" 
Set JLink Project File to "E:\Keil\智能锁\接收端\lock\Obj\JLinkSettings.ini"
* JLink Info: Device "STM32F103T8" selected (64 KB flash, 20 KB RAM).
 
JLink info:
------------
DLL: V4.68a, compiled Apr 12 2013 13:26:50
Firmware: J-Link ARM V8 compiled May 27 2009 17:31:22
Hardware: V8.00
S/N : 1631096674 
Feature(s) : RDI,FlashDL,FlashBP,JFlash,GDBFULL 
 
* JLink Info: Found SWD-DP with ID 0x1BA01477
* JLink Info: Found SWD-DP with ID 0x1BA01477
* JLink Info: TPIU fitted.
* JLink Info: FPUnit: 6 code (BP) slots and 2 literal slots
* JLink Info: Found Cortex-M3 r1p1, Little endian.
ROMTableAddr = 0xE00FF003
 
Target info:
------------
Device: STM32F103T8
VTarget = 3.352V
State of Pins: 
TCK: 0, TDI: 0, TDO: 0, TMS: 0, TRES: 1, TRST: 0
Hardware-Breakpoints: 6
Software-Breakpoints: 8192
Watchpoints:          4
JTAG speed: 3000 kHz
 
Erase Done.
Programming Done.
Verify OK.
Application running ...
