ARM Linker, 5.03 [Build 76] [MDK-ARM Lite]

==============================================================================

Section Cross References

    mian.o(.text) refers to stm32f10x_rcc.o(.text) for RCC_DeInit
    mian.o(.text) refers to usart1.o(.text) for USART1_Config
    mian.o(.text) refers to audio.o(.text) for audio_config
    mian.o(.text) refers to lock.o(.text) for lock_config
    mian.o(.text) refers to rs485.o(.text) for rs485_config
    mian.o(.text) refers to nrf24l01.o(.text) for nrf_config
    mian.o(.text) refers to power.o(.text) for power_config
    mian.o(.text) refers to rtc.o(.text) for RTC_Config
    mian.o(.text) refers to printf3.o(i.__0printf$3) for __2printf
    mian.o(.text) refers to busybox.o(.text) for busy_box
    mian.o(.text) refers to delay.o(.text) for Delay
    mian.o(.text) refers to mian.o(.data) for buf_debug_status
    mian.o(.text) refers to mian.o(.bss) for buf_debug
    mian.o(.text) refers to mian.o(.constdata) for __func__
    mian.o(.text) refers to common.o(.data) for work_status
    stm32f10x_it.o(.text) refers to stm32f10x_rtc.o(.text) for RTC_GetITStatus
    stm32f10x_it.o(.text) refers to stm32f10x_exti.o(.text) for EXTI_ClearITPendingBit
    stm32f10x_it.o(.text) refers to stm32f10x_pwr.o(.text) for PWR_GetFlagStatus
    stm32f10x_it.o(.text) refers to nrf24l01.o(.text) for nrf_rd_buf
    stm32f10x_it.o(.text) refers to stm32f10x_usart.o(.text) for USART_GetITStatus
    stm32f10x_it.o(.text) refers to putc.o(i.putc) for putc
    stm32f10x_it.o(.text) refers to mian.o(.bss) for buf_cmd
    stm32f10x_it.o(.text) refers to mian.o(.data) for buf_cmd_status
    stm32f10x_it.o(.text) refers to stm32f10x_it.o(.data) for RxData
    stm32f10x_it.o(.text) refers to stdout.o(.data) for __stdout
    usart1.o(.text) refers to stm32f10x_rcc.o(.text) for RCC_APB2PeriphClockCmd
    usart1.o(.text) refers to stm32f10x_gpio.o(.text) for GPIO_Init
    usart1.o(.text) refers to stm32f10x_usart.o(.text) for USART_Init
    usart1.o(.text) refers to misc.o(.text) for NVIC_PriorityGroupConfig
    audio.o(.text) refers to stm32f10x_rcc.o(.text) for RCC_APB2PeriphClockCmd
    audio.o(.text) refers to stm32f10x_gpio.o(.text) for GPIO_Init
    audio.o(.text) refers to common.o(.text) for string_divide
    audio.o(.text) refers to strcmp.o(.text) for strcmp
    audio.o(.text) refers to delay.o(.text) for Delay
    busybox.o(.text) refers to common.o(.text) for string_first
    busybox.o(.text) refers to strcmp.o(.text) for strcmp
    busybox.o(.text) refers to busybox.o(.data) for cmd_list
    busybox.o(.data) refers to lock.o(.text) for lock
    busybox.o(.data) refers to audio.o(.text) for audio
    busybox.o(.data) refers to nrf24l01.o(.text) for nrf
    busybox.o(.data) refers to common.o(.text) for wakeup
    lock.o(.text) refers to stm32f10x_rcc.o(.text) for RCC_APB2PeriphClockCmd
    lock.o(.text) refers to stm32f10x_gpio.o(.text) for GPIO_PinRemapConfig
    lock.o(.text) refers to common.o(.text) for string_divide
    lock.o(.text) refers to strcmp.o(.text) for strcmp
    common.o(.text) refers to strlen.o(.text) for strlen
    common.o(.text) refers to memcpya.o(.text) for __aeabi_memcpy
    common.o(.text) refers to printf3.o(i.__0printf$3) for __2printf
    common.o(.text) refers to common.o(.data) for work_status
    rs485.o(.text) refers to stm32f10x_rcc.o(.text) for RCC_APB2PeriphClockCmd
    rs485.o(.text) refers to stm32f10x_gpio.o(.text) for GPIO_Init
    nrf24l01.o(.text) refers to stm32f10x_rcc.o(.text) for RCC_APB2PeriphClockCmd
    nrf24l01.o(.text) refers to stm32f10x_gpio.o(.text) for GPIO_Init
    nrf24l01.o(.text) refers to stm32f10x_exti.o(.text) for EXTI_Init
    nrf24l01.o(.text) refers to misc.o(.text) for NVIC_PriorityGroupConfig
    nrf24l01.o(.text) refers to stm32f10x_spi.o(.text) for SPI_Init
    nrf24l01.o(.text) refers to delay.o(.text) for Delay
    nrf24l01.o(.text) refers to strlen.o(.text) for strlen
    nrf24l01.o(.text) refers to strcpy.o(.text) for strcpy
    nrf24l01.o(.text) refers to printf3.o(i.__0printf$3) for __2printf
    nrf24l01.o(.text) refers to common.o(.text) for string_divide
    nrf24l01.o(.text) refers to nrf24l01.o(.data) for TX_ADDRESS
    power.o(.text) refers to stm32f10x_rcc.o(.text) for RCC_APB2PeriphClockCmd
    power.o(.text) refers to stm32f10x_gpio.o(.text) for GPIO_Init
    rtc.o(.text) refers to stm32f10x_rcc.o(.text) for RCC_APB1PeriphClockCmd
    rtc.o(.text) refers to stm32f10x_pwr.o(.text) for PWR_BackupAccessCmd
    rtc.o(.text) refers to stm32f10x_bkp.o(.text) for BKP_DeInit
    rtc.o(.text) refers to stm32f10x_rtc.o(.text) for RTC_WaitForSynchro
    rtc.o(.text) refers to stm32f10x_exti.o(.text) for EXTI_ClearITPendingBit
    rtc.o(.text) refers to misc.o(.text) for NVIC_Init
    startup_stm32f10x_md.o(RESET) refers to startup_stm32f10x_md.o(STACK) for __initial_sp
    startup_stm32f10x_md.o(RESET) refers to startup_stm32f10x_md.o(.text) for Reset_Handler
    startup_stm32f10x_md.o(RESET) refers to stm32f10x_it.o(.text) for NMI_Handler
    startup_stm32f10x_md.o(.text) refers to system_stm32f10x.o(.text) for SystemInit
    startup_stm32f10x_md.o(.text) refers to entry.o(.ARM.Collect$$$$00000000) for __main
    system_stm32f10x.o(.text) refers to system_stm32f10x.o(.data) for SystemCoreClock
    stm32f10x_adc.o(.text) refers to stm32f10x_rcc.o(.text) for RCC_APB2PeriphResetCmd
    stm32f10x_bkp.o(.text) refers to stm32f10x_rcc.o(.text) for RCC_BackupResetCmd
    stm32f10x_can.o(.text) refers to stm32f10x_rcc.o(.text) for RCC_APB1PeriphResetCmd
    stm32f10x_cec.o(.text) refers to stm32f10x_rcc.o(.text) for RCC_APB1PeriphResetCmd
    stm32f10x_dac.o(.text) refers to stm32f10x_rcc.o(.text) for RCC_APB1PeriphResetCmd
    stm32f10x_gpio.o(.text) refers to stm32f10x_rcc.o(.text) for RCC_APB2PeriphResetCmd
    stm32f10x_i2c.o(.text) refers to stm32f10x_rcc.o(.text) for RCC_APB1PeriphResetCmd
    stm32f10x_pwr.o(.text) refers to stm32f10x_rcc.o(.text) for RCC_APB1PeriphResetCmd
    stm32f10x_rcc.o(.text) refers to stm32f10x_rcc.o(.data) for APBAHBPrescTable
    stm32f10x_spi.o(.text) refers to stm32f10x_rcc.o(.text) for RCC_APB2PeriphResetCmd
    stm32f10x_tim.o(.text) refers to stm32f10x_rcc.o(.text) for RCC_APB2PeriphResetCmd
    stm32f10x_usart.o(.text) refers to stm32f10x_rcc.o(.text) for RCC_APB2PeriphResetCmd
    stm32f10x_wwdg.o(.text) refers to stm32f10x_rcc.o(.text) for RCC_APB1PeriphResetCmd
    entry.o(.ARM.Collect$$$$00000000) refers (Special) to entry10a.o(.ARM.Collect$$$$0000000D) for __rt_final_cpp
    entry.o(.ARM.Collect$$$$00000000) refers (Special) to entry11a.o(.ARM.Collect$$$$0000000F) for __rt_final_exit
    entry.o(.ARM.Collect$$$$00000000) refers (Special) to entry7b.o(.ARM.Collect$$$$00000008) for _main_clock
    entry.o(.ARM.Collect$$$$00000000) refers (Special) to entry8b.o(.ARM.Collect$$$$0000000A) for _main_cpp_init
    entry.o(.ARM.Collect$$$$00000000) refers (Special) to entry9a.o(.ARM.Collect$$$$0000000B) for _main_init
    entry.o(.ARM.Collect$$$$00000000) refers (Special) to entry5.o(.ARM.Collect$$$$00000004) for _main_scatterload
    entry.o(.ARM.Collect$$$$00000000) refers (Special) to entry2.o(.ARM.Collect$$$$00000001) for _main_stk
    putc.o(i.putc) refers to usart1.o(.text) for fputc
    printfb.o(i.__0fprintf$bare) refers to printfb.o(i._printf_core) for _printf_core
    printfb.o(i.__0fprintf$bare) refers to usart1.o(.text) for fputc
    printfb.o(i.__0printf$bare) refers to printfb.o(i._printf_core) for _printf_core
    printfb.o(i.__0printf$bare) refers to usart1.o(.text) for fputc
    printfb.o(i.__0printf$bare) refers to stdout.o(.data) for __stdout
    printfb.o(i.__0snprintf$bare) refers to printfb.o(i._printf_core) for _printf_core
    printfb.o(i.__0snprintf$bare) refers to printfb.o(i._snputc) for _snputc
    printfb.o(i.__0sprintf$bare) refers to printfb.o(i._printf_core) for _printf_core
    printfb.o(i.__0sprintf$bare) refers to printfb.o(i._sputc) for _sputc
    printfb.o(i.__0vfprintf$bare) refers to printfb.o(i._printf_core) for _printf_core
    printfb.o(i.__0vfprintf$bare) refers to usart1.o(.text) for fputc
    printfb.o(i.__0vprintf$bare) refers to printfb.o(i._printf_core) for _printf_core
    printfb.o(i.__0vprintf$bare) refers to usart1.o(.text) for fputc
    printfb.o(i.__0vprintf$bare) refers to stdout.o(.data) for __stdout
    printfb.o(i.__0vsnprintf$bare) refers to printfb.o(i._printf_core) for _printf_core
    printfb.o(i.__0vsnprintf$bare) refers to printfb.o(i._snputc) for _snputc
    printfb.o(i.__0vsprintf$bare) refers to printfb.o(i._printf_core) for _printf_core
    printfb.o(i.__0vsprintf$bare) refers to printfb.o(i._sputc) for _sputc
    printf0.o(i.__0fprintf$0) refers to printf0.o(i._printf_core) for _printf_core
    printf0.o(i.__0fprintf$0) refers to usart1.o(.text) for fputc
    printf0.o(i.__0printf$0) refers to printf0.o(i._printf_core) for _printf_core
    printf0.o(i.__0printf$0) refers to usart1.o(.text) for fputc
    printf0.o(i.__0printf$0) refers to stdout.o(.data) for __stdout
    printf0.o(i.__0snprintf$0) refers to printf0.o(i._printf_core) for _printf_core
    printf0.o(i.__0snprintf$0) refers to printf0.o(i._snputc) for _snputc
    printf0.o(i.__0sprintf$0) refers to printf0.o(i._printf_core) for _printf_core
    printf0.o(i.__0sprintf$0) refers to printf0.o(i._sputc) for _sputc
    printf0.o(i.__0vfprintf$0) refers to printf0.o(i._printf_core) for _printf_core
    printf0.o(i.__0vfprintf$0) refers to usart1.o(.text) for fputc
    printf0.o(i.__0vprintf$0) refers to printf0.o(i._printf_core) for _printf_core
    printf0.o(i.__0vprintf$0) refers to usart1.o(.text) for fputc
    printf0.o(i.__0vprintf$0) refers to stdout.o(.data) for __stdout
    printf0.o(i.__0vsnprintf$0) refers to printf0.o(i._printf_core) for _printf_core
    printf0.o(i.__0vsnprintf$0) refers to printf0.o(i._snputc) for _snputc
    printf0.o(i.__0vsprintf$0) refers to printf0.o(i._printf_core) for _printf_core
    printf0.o(i.__0vsprintf$0) refers to printf0.o(i._sputc) for _sputc
    printf1.o(i.__0fprintf$1) refers to printf1.o(i._printf_core) for _printf_core
    printf1.o(i.__0fprintf$1) refers to usart1.o(.text) for fputc
    printf1.o(i.__0printf$1) refers to printf1.o(i._printf_core) for _printf_core
    printf1.o(i.__0printf$1) refers to usart1.o(.text) for fputc
    printf1.o(i.__0printf$1) refers to stdout.o(.data) for __stdout
    printf1.o(i.__0snprintf$1) refers to printf1.o(i._printf_core) for _printf_core
    printf1.o(i.__0snprintf$1) refers to printf1.o(i._snputc) for _snputc
    printf1.o(i.__0sprintf$1) refers to printf1.o(i._printf_core) for _printf_core
    printf1.o(i.__0sprintf$1) refers to printf1.o(i._sputc) for _sputc
    printf1.o(i.__0vfprintf$1) refers to printf1.o(i._printf_core) for _printf_core
    printf1.o(i.__0vfprintf$1) refers to usart1.o(.text) for fputc
    printf1.o(i.__0vprintf$1) refers to printf1.o(i._printf_core) for _printf_core
    printf1.o(i.__0vprintf$1) refers to usart1.o(.text) for fputc
    printf1.o(i.__0vprintf$1) refers to stdout.o(.data) for __stdout
    printf1.o(i.__0vsnprintf$1) refers to printf1.o(i._printf_core) for _printf_core
    printf1.o(i.__0vsnprintf$1) refers to printf1.o(i._snputc) for _snputc
    printf1.o(i.__0vsprintf$1) refers to printf1.o(i._printf_core) for _printf_core
    printf1.o(i.__0vsprintf$1) refers to printf1.o(i._sputc) for _sputc
    printf1.o(i._printf_core) refers to uidiv.o(.text) for __aeabi_uidivmod
    printf2.o(i.__0fprintf$2) refers to printf2.o(i._printf_core) for _printf_core
    printf2.o(i.__0fprintf$2) refers to usart1.o(.text) for fputc
    printf2.o(i.__0printf$2) refers to printf2.o(i._printf_core) for _printf_core
    printf2.o(i.__0printf$2) refers to usart1.o(.text) for fputc
    printf2.o(i.__0printf$2) refers to stdout.o(.data) for __stdout
    printf2.o(i.__0snprintf$2) refers to printf2.o(i._printf_core) for _printf_core
    printf2.o(i.__0snprintf$2) refers to printf2.o(i._snputc) for _snputc
    printf2.o(i.__0sprintf$2) refers to printf2.o(i._printf_core) for _printf_core
    printf2.o(i.__0sprintf$2) refers to printf2.o(i._sputc) for _sputc
    printf2.o(i.__0vfprintf$2) refers to printf2.o(i._printf_core) for _printf_core
    printf2.o(i.__0vfprintf$2) refers to usart1.o(.text) for fputc
    printf2.o(i.__0vprintf$2) refers to printf2.o(i._printf_core) for _printf_core
    printf2.o(i.__0vprintf$2) refers to usart1.o(.text) for fputc
    printf2.o(i.__0vprintf$2) refers to stdout.o(.data) for __stdout
    printf2.o(i.__0vsnprintf$2) refers to printf2.o(i._printf_core) for _printf_core
    printf2.o(i.__0vsnprintf$2) refers to printf2.o(i._snputc) for _snputc
    printf2.o(i.__0vsprintf$2) refers to printf2.o(i._printf_core) for _printf_core
    printf2.o(i.__0vsprintf$2) refers to printf2.o(i._sputc) for _sputc
    printf3.o(i.__0fprintf$3) refers to printf3.o(i._printf_core) for _printf_core
    printf3.o(i.__0fprintf$3) refers to usart1.o(.text) for fputc
    printf3.o(i.__0printf$3) refers to printf3.o(i._printf_core) for _printf_core
    printf3.o(i.__0printf$3) refers to usart1.o(.text) for fputc
    printf3.o(i.__0printf$3) refers to stdout.o(.data) for __stdout
    printf3.o(i.__0snprintf$3) refers to printf3.o(i._printf_core) for _printf_core
    printf3.o(i.__0snprintf$3) refers to printf3.o(i._snputc) for _snputc
    printf3.o(i.__0sprintf$3) refers to printf3.o(i._printf_core) for _printf_core
    printf3.o(i.__0sprintf$3) refers to printf3.o(i._sputc) for _sputc
    printf3.o(i.__0vfprintf$3) refers to printf3.o(i._printf_core) for _printf_core
    printf3.o(i.__0vfprintf$3) refers to usart1.o(.text) for fputc
    printf3.o(i.__0vprintf$3) refers to printf3.o(i._printf_core) for _printf_core
    printf3.o(i.__0vprintf$3) refers to usart1.o(.text) for fputc
    printf3.o(i.__0vprintf$3) refers to stdout.o(.data) for __stdout
    printf3.o(i.__0vsnprintf$3) refers to printf3.o(i._printf_core) for _printf_core
    printf3.o(i.__0vsnprintf$3) refers to printf3.o(i._snputc) for _snputc
    printf3.o(i.__0vsprintf$3) refers to printf3.o(i._printf_core) for _printf_core
    printf3.o(i.__0vsprintf$3) refers to printf3.o(i._sputc) for _sputc
    printf3.o(i._printf_core) refers to uidiv.o(.text) for __aeabi_uidivmod
    printf4.o(i.__0fprintf$4) refers to printf4.o(i._printf_core) for _printf_core
    printf4.o(i.__0fprintf$4) refers to usart1.o(.text) for fputc
    printf4.o(i.__0printf$4) refers to printf4.o(i._printf_core) for _printf_core
    printf4.o(i.__0printf$4) refers to usart1.o(.text) for fputc
    printf4.o(i.__0printf$4) refers to stdout.o(.data) for __stdout
    printf4.o(i.__0snprintf$4) refers to printf4.o(i._printf_core) for _printf_core
    printf4.o(i.__0snprintf$4) refers to printf4.o(i._snputc) for _snputc
    printf4.o(i.__0sprintf$4) refers to printf4.o(i._printf_core) for _printf_core
    printf4.o(i.__0sprintf$4) refers to printf4.o(i._sputc) for _sputc
    printf4.o(i.__0vfprintf$4) refers to printf4.o(i._printf_core) for _printf_core
    printf4.o(i.__0vfprintf$4) refers to usart1.o(.text) for fputc
    printf4.o(i.__0vprintf$4) refers to printf4.o(i._printf_core) for _printf_core
    printf4.o(i.__0vprintf$4) refers to usart1.o(.text) for fputc
    printf4.o(i.__0vprintf$4) refers to stdout.o(.data) for __stdout
    printf4.o(i.__0vsnprintf$4) refers to printf4.o(i._printf_core) for _printf_core
    printf4.o(i.__0vsnprintf$4) refers to printf4.o(i._snputc) for _snputc
    printf4.o(i.__0vsprintf$4) refers to printf4.o(i._printf_core) for _printf_core
    printf4.o(i.__0vsprintf$4) refers to printf4.o(i._sputc) for _sputc
    printf4.o(i._printf_core) refers to uldiv.o(.text) for __aeabi_uldivmod
    printf5.o(i.__0fprintf$5) refers to printf5.o(i._printf_core) for _printf_core
    printf5.o(i.__0fprintf$5) refers to usart1.o(.text) for fputc
    printf5.o(i.__0printf$5) refers to printf5.o(i._printf_core) for _printf_core
    printf5.o(i.__0printf$5) refers to usart1.o(.text) for fputc
    printf5.o(i.__0printf$5) refers to stdout.o(.data) for __stdout
    printf5.o(i.__0snprintf$5) refers to printf5.o(i._printf_core) for _printf_core
    printf5.o(i.__0snprintf$5) refers to printf5.o(i._snputc) for _snputc
    printf5.o(i.__0sprintf$5) refers to printf5.o(i._printf_core) for _printf_core
    printf5.o(i.__0sprintf$5) refers to printf5.o(i._sputc) for _sputc
    printf5.o(i.__0vfprintf$5) refers to printf5.o(i._printf_core) for _printf_core
    printf5.o(i.__0vfprintf$5) refers to usart1.o(.text) for fputc
    printf5.o(i.__0vprintf$5) refers to printf5.o(i._printf_core) for _printf_core
    printf5.o(i.__0vprintf$5) refers to usart1.o(.text) for fputc
    printf5.o(i.__0vprintf$5) refers to stdout.o(.data) for __stdout
    printf5.o(i.__0vsnprintf$5) refers to printf5.o(i._printf_core) for _printf_core
    printf5.o(i.__0vsnprintf$5) refers to printf5.o(i._snputc) for _snputc
    printf5.o(i.__0vsprintf$5) refers to printf5.o(i._printf_core) for _printf_core
    printf5.o(i.__0vsprintf$5) refers to printf5.o(i._sputc) for _sputc
    printf5.o(i._printf_core) refers to uldiv.o(.text) for __aeabi_uldivmod
    printf6.o(i.__0fprintf$6) refers to printf6.o(i._printf_core) for _printf_core
    printf6.o(i.__0fprintf$6) refers to usart1.o(.text) for fputc
    printf6.o(i.__0printf$6) refers to printf6.o(i._printf_core) for _printf_core
    printf6.o(i.__0printf$6) refers to usart1.o(.text) for fputc
    printf6.o(i.__0printf$6) refers to stdout.o(.data) for __stdout
    printf6.o(i.__0snprintf$6) refers to printf6.o(i._printf_core) for _printf_core
    printf6.o(i.__0snprintf$6) refers to printf6.o(i._snputc) for _snputc
    printf6.o(i.__0sprintf$6) refers to printf6.o(i._printf_core) for _printf_core
    printf6.o(i.__0sprintf$6) refers to printf6.o(i._sputc) for _sputc
    printf6.o(i.__0vfprintf$6) refers to printf6.o(i._printf_core) for _printf_core
    printf6.o(i.__0vfprintf$6) refers to usart1.o(.text) for fputc
    printf6.o(i.__0vprintf$6) refers to printf6.o(i._printf_core) for _printf_core
    printf6.o(i.__0vprintf$6) refers to usart1.o(.text) for fputc
    printf6.o(i.__0vprintf$6) refers to stdout.o(.data) for __stdout
    printf6.o(i.__0vsnprintf$6) refers to printf6.o(i._printf_core) for _printf_core
    printf6.o(i.__0vsnprintf$6) refers to printf6.o(i._snputc) for _snputc
    printf6.o(i.__0vsprintf$6) refers to printf6.o(i._printf_core) for _printf_core
    printf6.o(i.__0vsprintf$6) refers to printf6.o(i._sputc) for _sputc
    printf6.o(i._printf_core) refers to printf6.o(i._printf_pre_padding) for _printf_pre_padding
    printf6.o(i._printf_core) refers to uidiv.o(.text) for __aeabi_uidivmod
    printf6.o(i._printf_core) refers to printf6.o(i._printf_post_padding) for _printf_post_padding
    printf7.o(i.__0fprintf$7) refers to printf7.o(i._printf_core) for _printf_core
    printf7.o(i.__0fprintf$7) refers to usart1.o(.text) for fputc
    printf7.o(i.__0printf$7) refers to printf7.o(i._printf_core) for _printf_core
    printf7.o(i.__0printf$7) refers to usart1.o(.text) for fputc
    printf7.o(i.__0printf$7) refers to stdout.o(.data) for __stdout
    printf7.o(i.__0snprintf$7) refers to printf7.o(i._printf_core) for _printf_core
    printf7.o(i.__0snprintf$7) refers to printf7.o(i._snputc) for _snputc
    printf7.o(i.__0sprintf$7) refers to printf7.o(i._printf_core) for _printf_core
    printf7.o(i.__0sprintf$7) refers to printf7.o(i._sputc) for _sputc
    printf7.o(i.__0vfprintf$7) refers to printf7.o(i._printf_core) for _printf_core
    printf7.o(i.__0vfprintf$7) refers to usart1.o(.text) for fputc
    printf7.o(i.__0vprintf$7) refers to printf7.o(i._printf_core) for _printf_core
    printf7.o(i.__0vprintf$7) refers to usart1.o(.text) for fputc
    printf7.o(i.__0vprintf$7) refers to stdout.o(.data) for __stdout
    printf7.o(i.__0vsnprintf$7) refers to printf7.o(i._printf_core) for _printf_core
    printf7.o(i.__0vsnprintf$7) refers to printf7.o(i._snputc) for _snputc
    printf7.o(i.__0vsprintf$7) refers to printf7.o(i._printf_core) for _printf_core
    printf7.o(i.__0vsprintf$7) refers to printf7.o(i._sputc) for _sputc
    printf7.o(i._printf_core) refers to printf7.o(i._printf_pre_padding) for _printf_pre_padding
    printf7.o(i._printf_core) refers to uldiv.o(.text) for __aeabi_uldivmod
    printf7.o(i._printf_core) refers to printf7.o(i._printf_post_padding) for _printf_post_padding
    printf8.o(i.__0fprintf$8) refers to printf8.o(i._printf_core) for _printf_core
    printf8.o(i.__0fprintf$8) refers to usart1.o(.text) for fputc
    printf8.o(i.__0printf$8) refers to printf8.o(i._printf_core) for _printf_core
    printf8.o(i.__0printf$8) refers to usart1.o(.text) for fputc
    printf8.o(i.__0printf$8) refers to stdout.o(.data) for __stdout
    printf8.o(i.__0snprintf$8) refers to printf8.o(i._printf_core) for _printf_core
    printf8.o(i.__0snprintf$8) refers to printf8.o(i._snputc) for _snputc
    printf8.o(i.__0sprintf$8) refers to printf8.o(i._printf_core) for _printf_core
    printf8.o(i.__0sprintf$8) refers to printf8.o(i._sputc) for _sputc
    printf8.o(i.__0vfprintf$8) refers to printf8.o(i._printf_core) for _printf_core
    printf8.o(i.__0vfprintf$8) refers to usart1.o(.text) for fputc
    printf8.o(i.__0vprintf$8) refers to printf8.o(i._printf_core) for _printf_core
    printf8.o(i.__0vprintf$8) refers to usart1.o(.text) for fputc
    printf8.o(i.__0vprintf$8) refers to stdout.o(.data) for __stdout
    printf8.o(i.__0vsnprintf$8) refers to printf8.o(i._printf_core) for _printf_core
    printf8.o(i.__0vsnprintf$8) refers to printf8.o(i._snputc) for _snputc
    printf8.o(i.__0vsprintf$8) refers to printf8.o(i._printf_core) for _printf_core
    printf8.o(i.__0vsprintf$8) refers to printf8.o(i._sputc) for _sputc
    printf8.o(i._printf_core) refers to printf8.o(i._printf_pre_padding) for _printf_pre_padding
    printf8.o(i._printf_core) refers to uldiv.o(.text) for __aeabi_uldivmod
    printf8.o(i._printf_core) refers to printf8.o(i._printf_post_padding) for _printf_post_padding
    printfa.o(i.__0fprintf) refers (Special) to iusefp.o(.text) for __I$use$fp
    printfa.o(i.__0fprintf) refers to printfa.o(i._printf_core) for _printf_core
    printfa.o(i.__0fprintf) refers to usart1.o(.text) for fputc
    printfa.o(i.__0printf) refers (Special) to iusefp.o(.text) for __I$use$fp
    printfa.o(i.__0printf) refers to printfa.o(i._printf_core) for _printf_core
    printfa.o(i.__0printf) refers to usart1.o(.text) for fputc
    printfa.o(i.__0printf) refers to stdout.o(.data) for __stdout
    printfa.o(i.__0snprintf) refers (Special) to iusefp.o(.text) for __I$use$fp
    printfa.o(i.__0snprintf) refers to printfa.o(i._printf_core) for _printf_core
    printfa.o(i.__0snprintf) refers to printfa.o(i._snputc) for _snputc
    printfa.o(i.__0sprintf) refers (Special) to iusefp.o(.text) for __I$use$fp
    printfa.o(i.__0sprintf) refers to printfa.o(i._printf_core) for _printf_core
    printfa.o(i.__0sprintf) refers to printfa.o(i._sputc) for _sputc
    printfa.o(i.__0vfprintf) refers (Special) to iusefp.o(.text) for __I$use$fp
    printfa.o(i.__0vfprintf) refers to printfa.o(i._printf_core) for _printf_core
    printfa.o(i.__0vfprintf) refers to usart1.o(.text) for fputc
    printfa.o(i.__0vprintf) refers (Special) to iusefp.o(.text) for __I$use$fp
    printfa.o(i.__0vprintf) refers to printfa.o(i._printf_core) for _printf_core
    printfa.o(i.__0vprintf) refers to usart1.o(.text) for fputc
    printfa.o(i.__0vprintf) refers to stdout.o(.data) for __stdout
    printfa.o(i.__0vsnprintf) refers (Special) to iusefp.o(.text) for __I$use$fp
    printfa.o(i.__0vsnprintf) refers to printfa.o(i._printf_core) for _printf_core
    printfa.o(i.__0vsnprintf) refers to printfa.o(i._snputc) for _snputc
    printfa.o(i.__0vsprintf) refers (Special) to iusefp.o(.text) for __I$use$fp
    printfa.o(i.__0vsprintf) refers to printfa.o(i._printf_core) for _printf_core
    printfa.o(i.__0vsprintf) refers to printfa.o(i._sputc) for _sputc
    printfa.o(i._fp_digits) refers (Special) to iusefp.o(.text) for __I$use$fp
    printfa.o(i._fp_digits) refers to dmul.o(.text) for __aeabi_dmul
    printfa.o(i._fp_digits) refers to ddiv.o(.text) for __aeabi_ddiv
    printfa.o(i._fp_digits) refers to cdrcmple.o(.text) for __aeabi_cdrcmple
    printfa.o(i._fp_digits) refers to dadd.o(.text) for __aeabi_dadd
    printfa.o(i._fp_digits) refers to dfixul.o(.text) for __aeabi_d2ulz
    printfa.o(i._fp_digits) refers to uldiv.o(.text) for __aeabi_uldivmod
    printfa.o(i._printf_core) refers (Special) to iusefp.o(.text) for __I$use$fp
    printfa.o(i._printf_core) refers to printfa.o(i._printf_pre_padding) for _printf_pre_padding
    printfa.o(i._printf_core) refers to uldiv.o(.text) for __aeabi_uldivmod
    printfa.o(i._printf_core) refers to printfa.o(i._printf_post_padding) for _printf_post_padding
    printfa.o(i._printf_core) refers to printfa.o(i._fp_digits) for _fp_digits
    printfa.o(i._printf_core) refers to uidiv.o(.text) for __aeabi_uidivmod
    printfa.o(i._printf_post_padding) refers (Special) to iusefp.o(.text) for __I$use$fp
    printfa.o(i._printf_pre_padding) refers (Special) to iusefp.o(.text) for __I$use$fp
    printfa.o(i._snputc) refers (Special) to iusefp.o(.text) for __I$use$fp
    printfa.o(i._sputc) refers (Special) to iusefp.o(.text) for __I$use$fp
    entry2.o(.ARM.Collect$$$$00000001) refers to entry2.o(.ARM.Collect$$$$00002712) for __lit__00000000
    entry2.o(.ARM.Collect$$$$00002712) refers to startup_stm32f10x_md.o(STACK) for __initial_sp
    entry2.o(__vectab_stack_and_reset_area) refers to startup_stm32f10x_md.o(STACK) for __initial_sp
    entry2.o(__vectab_stack_and_reset_area) refers to entry.o(.ARM.Collect$$$$00000000) for __main
    entry5.o(.ARM.Collect$$$$00000004) refers to init.o(.text) for __scatterload
    entry9a.o(.ARM.Collect$$$$0000000B) refers to mian.o(.text) for main
    entry9b.o(.ARM.Collect$$$$0000000C) refers to mian.o(.text) for main
    uldiv.o(.text) refers to llushr.o(.text) for __aeabi_llsr
    uldiv.o(.text) refers to llshl.o(.text) for __aeabi_llsl
    dadd.o(.text) refers to llshl.o(.text) for __aeabi_llsl
    dadd.o(.text) refers to llsshr.o(.text) for __aeabi_lasr
    dadd.o(.text) refers to depilogue.o(.text) for _double_epilogue
    dmul.o(.text) refers to depilogue.o(.text) for _double_epilogue
    ddiv.o(.text) refers to depilogue.o(.text) for _double_round
    dfixul.o(.text) refers to llushr.o(.text) for __aeabi_llsr
    dfixul.o(.text) refers to llshl.o(.text) for __aeabi_llsl
    init.o(.text) refers to entry5.o(.ARM.Collect$$$$00000004) for __main_after_scatterload
    depilogue.o(.text) refers to llshl.o(.text) for __aeabi_llsl
    depilogue.o(.text) refers to llushr.o(.text) for __aeabi_llsr


==============================================================================

Removing Unused input sections from the image.

    Removing core_cm3.o(.emb_text), (32 bytes).
    Removing startup_stm32f10x_md.o(HEAP), (512 bytes).
    Removing stm32f10x_adc.o(.text), (1102 bytes).
    Removing stm32f10x_can.o(.text), (2540 bytes).
    Removing stm32f10x_cec.o(.text), (288 bytes).
    Removing stm32f10x_crc.o(.text), (72 bytes).
    Removing stm32f10x_dac.o(.text), (396 bytes).
    Removing stm32f10x_dbgmcu.o(.text), (48 bytes).
    Removing stm32f10x_dma.o(.text), (592 bytes).
    Removing stm32f10x_flash.o(.text), (1468 bytes).
    Removing stm32f10x_fsmc.o(.text), (1560 bytes).
    Removing stm32f10x_i2c.o(.text), (1028 bytes).
    Removing stm32f10x_iwdg.o(.text), (64 bytes).
    Removing stm32f10x_sdio.o(.text), (472 bytes).
    Removing stm32f10x_tim.o(.text), (3610 bytes).
    Removing stm32f10x_wwdg.o(.text), (136 bytes).
    Removing dadd.o(.text), (334 bytes).
    Removing dmul.o(.text), (228 bytes).
    Removing ddiv.o(.text), (222 bytes).
    Removing dfixul.o(.text), (48 bytes).
    Removing cdrcmple.o(.text), (40 bytes).
    Removing depilogue.o(.text), (190 bytes).

22 unused section(s) (total 14982 bytes) removed from the image.

==============================================================================

Image Symbol Table

    Local Symbols

    Symbol Name                              Value     Ov Type        Size  Object(Section)

    ../clib/microlib/division.c              0x00000000   Number         0  uldiv.o ABSOLUTE
    ../clib/microlib/division.c              0x00000000   Number         0  uidiv.o ABSOLUTE
    ../clib/microlib/init/entry.s            0x00000000   Number         0  entry11a.o ABSOLUTE
    ../clib/microlib/init/entry.s            0x00000000   Number         0  entry7a.o ABSOLUTE
    ../clib/microlib/init/entry.s            0x00000000   Number         0  entry5.o ABSOLUTE
    ../clib/microlib/init/entry.s            0x00000000   Number         0  entry11b.o ABSOLUTE
    ../clib/microlib/init/entry.s            0x00000000   Number         0  entry2.o ABSOLUTE
    ../clib/microlib/init/entry.s            0x00000000   Number         0  entry.o ABSOLUTE
    ../clib/microlib/init/entry.s            0x00000000   Number         0  entry10b.o ABSOLUTE
    ../clib/microlib/init/entry.s            0x00000000   Number         0  entry10a.o ABSOLUTE
    ../clib/microlib/init/entry.s            0x00000000   Number         0  entry9b.o ABSOLUTE
    ../clib/microlib/init/entry.s            0x00000000   Number         0  entry9a.o ABSOLUTE
    ../clib/microlib/init/entry.s            0x00000000   Number         0  entry8b.o ABSOLUTE
    ../clib/microlib/init/entry.s            0x00000000   Number         0  entry8a.o ABSOLUTE
    ../clib/microlib/init/entry.s            0x00000000   Number         0  entry7b.o ABSOLUTE
    ../clib/microlib/longlong.c              0x00000000   Number         0  llsshr.o ABSOLUTE
    ../clib/microlib/longlong.c              0x00000000   Number         0  llushr.o ABSOLUTE
    ../clib/microlib/longlong.c              0x00000000   Number         0  llshl.o ABSOLUTE
    ../clib/microlib/printf/printf.c         0x00000000   Number         0  printf6.o ABSOLUTE
    ../clib/microlib/printf/printf.c         0x00000000   Number         0  printfb.o ABSOLUTE
    ../clib/microlib/printf/printf.c         0x00000000   Number         0  printf0.o ABSOLUTE
    ../clib/microlib/printf/printf.c         0x00000000   Number         0  printf1.o ABSOLUTE
    ../clib/microlib/printf/printf.c         0x00000000   Number         0  printf2.o ABSOLUTE
    ../clib/microlib/printf/printf.c         0x00000000   Number         0  printf4.o ABSOLUTE
    ../clib/microlib/printf/printf.c         0x00000000   Number         0  printf5.o ABSOLUTE
    ../clib/microlib/printf/printf.c         0x00000000   Number         0  printfa.o ABSOLUTE
    ../clib/microlib/printf/printf.c         0x00000000   Number         0  printf8.o ABSOLUTE
    ../clib/microlib/printf/printf.c         0x00000000   Number         0  printf7.o ABSOLUTE
    ../clib/microlib/printf/printf.c         0x00000000   Number         0  printf3.o ABSOLUTE
    ../clib/microlib/printf/stubs.s          0x00000000   Number         0  stubs.o ABSOLUTE
    ../clib/microlib/stdio/putc.c            0x00000000   Number         0  putc.o ABSOLUTE
    ../clib/microlib/stdio/streams.c         0x00000000   Number         0  stdout.o ABSOLUTE
    ../clib/microlib/string/memcpy.c         0x00000000   Number         0  memcpya.o ABSOLUTE
    ../clib/microlib/string/memcpy.c         0x00000000   Number         0  memcpyb.o ABSOLUTE
    ../clib/microlib/string/strcmp.c         0x00000000   Number         0  strcmp.o ABSOLUTE
    ../clib/microlib/string/strcpy.c         0x00000000   Number         0  strcpy.o ABSOLUTE
    ../clib/microlib/string/strlen.c         0x00000000   Number         0  strlen.o ABSOLUTE
    ../clib/microlib/stubs.s                 0x00000000   Number         0  iusefp.o ABSOLUTE
    ../fplib/microlib/fpadd.c                0x00000000   Number         0  dadd.o ABSOLUTE
    ../fplib/microlib/fpdiv.c                0x00000000   Number         0  ddiv.o ABSOLUTE
    ../fplib/microlib/fpepilogue.c           0x00000000   Number         0  depilogue.o ABSOLUTE
    ../fplib/microlib/fpfix.c                0x00000000   Number         0  dfixul.o ABSOLUTE
    ../fplib/microlib/fpmul.c                0x00000000   Number         0  dmul.o ABSOLUTE
    ..\Driver\misc.c                         0x00000000   Number         0  misc.o ABSOLUTE
    ..\Driver\stm32f10x_adc.c                0x00000000   Number         0  stm32f10x_adc.o ABSOLUTE
    ..\Driver\stm32f10x_bkp.c                0x00000000   Number         0  stm32f10x_bkp.o ABSOLUTE
    ..\Driver\stm32f10x_can.c                0x00000000   Number         0  stm32f10x_can.o ABSOLUTE
    ..\Driver\stm32f10x_cec.c                0x00000000   Number         0  stm32f10x_cec.o ABSOLUTE
    ..\Driver\stm32f10x_crc.c                0x00000000   Number         0  stm32f10x_crc.o ABSOLUTE
    ..\Driver\stm32f10x_dac.c                0x00000000   Number         0  stm32f10x_dac.o ABSOLUTE
    ..\Driver\stm32f10x_dbgmcu.c             0x00000000   Number         0  stm32f10x_dbgmcu.o ABSOLUTE
    ..\Driver\stm32f10x_dma.c                0x00000000   Number         0  stm32f10x_dma.o ABSOLUTE
    ..\Driver\stm32f10x_exti.c               0x00000000   Number         0  stm32f10x_exti.o ABSOLUTE
    ..\Driver\stm32f10x_flash.c              0x00000000   Number         0  stm32f10x_flash.o ABSOLUTE
    ..\Driver\stm32f10x_fsmc.c               0x00000000   Number         0  stm32f10x_fsmc.o ABSOLUTE
    ..\Driver\stm32f10x_gpio.c               0x00000000   Number         0  stm32f10x_gpio.o ABSOLUTE
    ..\Driver\stm32f10x_i2c.c                0x00000000   Number         0  stm32f10x_i2c.o ABSOLUTE
    ..\Driver\stm32f10x_iwdg.c               0x00000000   Number         0  stm32f10x_iwdg.o ABSOLUTE
    ..\Driver\stm32f10x_pwr.c                0x00000000   Number         0  stm32f10x_pwr.o ABSOLUTE
    ..\Driver\stm32f10x_rcc.c                0x00000000   Number         0  stm32f10x_rcc.o ABSOLUTE
    ..\Driver\stm32f10x_rtc.c                0x00000000   Number         0  stm32f10x_rtc.o ABSOLUTE
    ..\Driver\stm32f10x_sdio.c               0x00000000   Number         0  stm32f10x_sdio.o ABSOLUTE
    ..\Driver\stm32f10x_spi.c                0x00000000   Number         0  stm32f10x_spi.o ABSOLUTE
    ..\Driver\stm32f10x_tim.c                0x00000000   Number         0  stm32f10x_tim.o ABSOLUTE
    ..\Driver\stm32f10x_usart.c              0x00000000   Number         0  stm32f10x_usart.o ABSOLUTE
    ..\Driver\stm32f10x_wwdg.c               0x00000000   Number         0  stm32f10x_wwdg.o ABSOLUTE
    ..\System\core_cm3.c                     0x00000000   Number         0  core_cm3.o ABSOLUTE
    ..\System\startup_stm32f10x_md.s         0x00000000   Number         0  startup_stm32f10x_md.o ABSOLUTE
    ..\System\system_stm32f10x.c             0x00000000   Number         0  system_stm32f10x.o ABSOLUTE
    ..\User\Delay.c                          0x00000000   Number         0  delay.o ABSOLUTE
    ..\User\RS485.c                          0x00000000   Number         0  rs485.o ABSOLUTE
    ..\User\audio.c                          0x00000000   Number         0  audio.o ABSOLUTE
    ..\User\busybox.c                        0x00000000   Number         0  busybox.o ABSOLUTE
    ..\User\common.c                         0x00000000   Number         0  common.o ABSOLUTE
    ..\User\lock.c                           0x00000000   Number         0  lock.o ABSOLUTE
    ..\User\mian.c                           0x00000000   Number         0  mian.o ABSOLUTE
    ..\User\nrf24l01.c                       0x00000000   Number         0  nrf24l01.o ABSOLUTE
    ..\User\power.c                          0x00000000   Number         0  power.o ABSOLUTE
    ..\User\rtc.c                            0x00000000   Number         0  rtc.o ABSOLUTE
    ..\User\stm32f10x_it.c                   0x00000000   Number         0  stm32f10x_it.o ABSOLUTE
    ..\User\usart1.c                         0x00000000   Number         0  usart1.o ABSOLUTE
    ..\\System\\core_cm3.c                   0x00000000   Number         0  core_cm3.o ABSOLUTE
    cdrcmple.s                               0x00000000   Number         0  cdrcmple.o ABSOLUTE
    dc.s                                     0x00000000   Number         0  dc.o ABSOLUTE
    handlers.s                               0x00000000   Number         0  handlers.o ABSOLUTE
    init.s                                   0x00000000   Number         0  init.o ABSOLUTE
    RESET                                    0x08000000   Section      236  startup_stm32f10x_md.o(RESET)
    .ARM.Collect$$$$00000000                 0x080000ec   Section        0  entry.o(.ARM.Collect$$$$00000000)
    .ARM.Collect$$$$00000001                 0x080000ec   Section        4  entry2.o(.ARM.Collect$$$$00000001)
    .ARM.Collect$$$$00000004                 0x080000f0   Section        4  entry5.o(.ARM.Collect$$$$00000004)
    .ARM.Collect$$$$00000008                 0x080000f4   Section        0  entry7b.o(.ARM.Collect$$$$00000008)
    .ARM.Collect$$$$0000000A                 0x080000f4   Section        0  entry8b.o(.ARM.Collect$$$$0000000A)
    .ARM.Collect$$$$0000000B                 0x080000f4   Section        8  entry9a.o(.ARM.Collect$$$$0000000B)
    .ARM.Collect$$$$0000000D                 0x080000fc   Section        0  entry10a.o(.ARM.Collect$$$$0000000D)
    .ARM.Collect$$$$0000000F                 0x080000fc   Section        0  entry11a.o(.ARM.Collect$$$$0000000F)
    .ARM.Collect$$$$00002712                 0x080000fc   Section        4  entry2.o(.ARM.Collect$$$$00002712)
    __lit__00000000                          0x080000fc   Data           4  entry2.o(.ARM.Collect$$$$00002712)
    .text                                    0x08000100   Section        0  mian.o(.text)
    .text                                    0x08000234   Section        0  stm32f10x_it.o(.text)
    .text                                    0x0800038c   Section        0  usart1.o(.text)
    .text                                    0x08000458   Section        0  delay.o(.text)
    .text                                    0x08000480   Section        0  audio.o(.text)
    .text                                    0x08000508   Section        0  busybox.o(.text)
    .text                                    0x08000550   Section        0  lock.o(.text)
    .text                                    0x080005cc   Section        0  common.o(.text)
    next_space                               0x080005cd   Thumb Code    40  common.o(.text)
    next_char                                0x080005f5   Thumb Code    40  common.o(.text)
    .text                                    0x080006fc   Section        0  rs485.o(.text)
    .text                                    0x08000734   Section        0  nrf24l01.o(.text)
    nrf_rw                                   0x08000857   Thumb Code    52  nrf24l01.o(.text)
    nrf_wr_buf                               0x080008f9   Thumb Code    74  nrf24l01.o(.text)
    .text                                    0x08000b24   Section        0  power.o(.text)
    .text                                    0x08000b74   Section        0  rtc.o(.text)
    .text                                    0x08000c5c   Section       36  startup_stm32f10x_md.o(.text)
    .text                                    0x08000c80   Section        0  system_stm32f10x.o(.text)
    SetSysClockTo72                          0x08000c81   Thumb Code   212  system_stm32f10x.o(.text)
    SetSysClock                              0x08000d55   Thumb Code     8  system_stm32f10x.o(.text)
    .text                                    0x08000e5c   Section        0  misc.o(.text)
    .text                                    0x08000f38   Section        0  stm32f10x_bkp.o(.text)
    .text                                    0x08000ffc   Section        0  stm32f10x_exti.o(.text)
    .text                                    0x08001118   Section        0  stm32f10x_gpio.o(.text)
    .text                                    0x08001470   Section        0  stm32f10x_pwr.o(.text)
    .text                                    0x0800153c   Section        0  stm32f10x_rcc.o(.text)
    .text                                    0x080018e0   Section        0  stm32f10x_rtc.o(.text)
    .text                                    0x08001a24   Section        0  stm32f10x_spi.o(.text)
    .text                                    0x08001d30   Section        0  stm32f10x_usart.o(.text)
    .text                                    0x08002138   Section        0  memcpya.o(.text)
    .text                                    0x0800215c   Section        0  strlen.o(.text)
    .text                                    0x0800216a   Section        0  strcmp.o(.text)
    .text                                    0x08002186   Section        0  strcpy.o(.text)
    .text                                    0x08002198   Section        0  uidiv.o(.text)
    .text                                    0x080021c4   Section       36  init.o(.text)
    i.__0printf$3                            0x080021e8   Section        0  printf3.o(i.__0printf$3)
    i.__scatterload_copy                     0x08002208   Section       14  handlers.o(i.__scatterload_copy)
    i.__scatterload_null                     0x08002216   Section        2  handlers.o(i.__scatterload_null)
    i.__scatterload_zeroinit                 0x08002218   Section       14  handlers.o(i.__scatterload_zeroinit)
    i._printf_core                           0x08002228   Section        0  printf3.o(i._printf_core)
    _printf_core                             0x08002229   Thumb Code   436  printf3.o(i._printf_core)
    i.putc                                   0x080023e0   Section        0  putc.o(i.putc)
    .constdata                               0x080023e4   Section        5  mian.o(.constdata)
    __func__                                 0x080023e4   Data           5  mian.o(.constdata)
    .data                                    0x20000000   Section       12  mian.o(.data)
    .data                                    0x2000000c   Section        1  stm32f10x_it.o(.data)
    .data                                    0x20000010   Section       80  busybox.o(.data)
    cmd_list                                 0x20000010   Data          80  busybox.o(.data)
    .data                                    0x20000060   Section        4  common.o(.data)
    .data                                    0x20000064   Section        7  nrf24l01.o(.data)
    .data                                    0x2000006c   Section       20  system_stm32f10x.o(.data)
    .data                                    0x20000080   Section       20  stm32f10x_rcc.o(.data)
    APBAHBPrescTable                         0x20000080   Data          16  stm32f10x_rcc.o(.data)
    ADCPrescTable                            0x20000090   Data           4  stm32f10x_rcc.o(.data)
    .data                                    0x20000094   Section        4  stdout.o(.data)
    .bss                                     0x20000098   Section       40  mian.o(.bss)
    STACK                                    0x200000c0   Section     1024  startup_stm32f10x_md.o(STACK)

    Global Symbols

    Symbol Name                              Value     Ov Type        Size  Object(Section)

    BuildAttributes$$THM_ISAv4$P$D$K$B$S$PE$A:L22UL41UL21$X:L11$S22US41US21$IEEE1$IW$USESV6$~STKCKD$USESV7$~SHL$OSPACE$ROPI$EBA8$MICROLIB$REQ8$PRES8$EABIv2 0x00000000   Number         0  anon$$obj.o ABSOLUTE
    __ARM_use_no_argv                        0x00000000   Number         0  mian.o ABSOLUTE
    _printf_a                                0x00000000   Number         0  stubs.o ABSOLUTE
    _printf_c                                0x00000000   Number         0  stubs.o ABSOLUTE
    _printf_charcount                        0x00000000   Number         0  stubs.o ABSOLUTE
    _printf_d                                0x00000000   Number         0  stubs.o ABSOLUTE
    _printf_e                                0x00000000   Number         0  stubs.o ABSOLUTE
    _printf_f                                0x00000000   Number         0  stubs.o ABSOLUTE
    _printf_flags                            0x00000000   Number         0  stubs.o ABSOLUTE
    _printf_fp_dec                           0x00000000   Number         0  stubs.o ABSOLUTE
    _printf_fp_hex                           0x00000000   Number         0  stubs.o ABSOLUTE
    _printf_g                                0x00000000   Number         0  stubs.o ABSOLUTE
    _printf_i                                0x00000000   Number         0  stubs.o ABSOLUTE
    _printf_int_dec                          0x00000000   Number         0  stubs.o ABSOLUTE
    _printf_l                                0x00000000   Number         0  stubs.o ABSOLUTE
    _printf_lc                               0x00000000   Number         0  stubs.o ABSOLUTE
    _printf_ll                               0x00000000   Number         0  stubs.o ABSOLUTE
    _printf_lld                              0x00000000   Number         0  stubs.o ABSOLUTE
    _printf_lli                              0x00000000   Number         0  stubs.o ABSOLUTE
    _printf_llo                              0x00000000   Number         0  stubs.o ABSOLUTE
    _printf_llu                              0x00000000   Number         0  stubs.o ABSOLUTE
    _printf_llx                              0x00000000   Number         0  stubs.o ABSOLUTE
    _printf_longlong_dec                     0x00000000   Number         0  stubs.o ABSOLUTE
    _printf_longlong_hex                     0x00000000   Number         0  stubs.o ABSOLUTE
    _printf_longlong_oct                     0x00000000   Number         0  stubs.o ABSOLUTE
    _printf_ls                               0x00000000   Number         0  stubs.o ABSOLUTE
    _printf_mbtowc                           0x00000000   Number         0  stubs.o ABSOLUTE
    _printf_n                                0x00000000   Number         0  stubs.o ABSOLUTE
    _printf_o                                0x00000000   Number         0  stubs.o ABSOLUTE
    _printf_p                                0x00000000   Number         0  stubs.o ABSOLUTE
    _printf_percent                          0x00000000   Number         0  stubs.o ABSOLUTE
    _printf_pre_padding                      0x00000000   Number         0  stubs.o ABSOLUTE
    _printf_return_value                     0x00000000   Number         0  stubs.o ABSOLUTE
    _printf_s                                0x00000000   Number         0  stubs.o ABSOLUTE
    _printf_sizespec                         0x00000000   Number         0  stubs.o ABSOLUTE
    _printf_str                              0x00000000   Number         0  stubs.o ABSOLUTE
    _printf_truncate_signed                  0x00000000   Number         0  stubs.o ABSOLUTE
    _printf_truncate_unsigned                0x00000000   Number         0  stubs.o ABSOLUTE
    _printf_u                                0x00000000   Number         0  stubs.o ABSOLUTE
    _printf_wc                               0x00000000   Number         0  stubs.o ABSOLUTE
    _printf_wctomb                           0x00000000   Number         0  stubs.o ABSOLUTE
    _printf_widthprec                        0x00000000   Number         0  stubs.o ABSOLUTE
    _printf_x                                0x00000000   Number         0  stubs.o ABSOLUTE
    __cpp_initialize__aeabi_                  - Undefined Weak Reference
    __cxa_finalize                            - Undefined Weak Reference
    __decompress                              - Undefined Weak Reference
    _clock_init                               - Undefined Weak Reference
    _microlib_exit                            - Undefined Weak Reference
    __Vectors_Size                           0x000000ec   Number         0  startup_stm32f10x_md.o ABSOLUTE
    __Vectors                                0x08000000   Data           4  startup_stm32f10x_md.o(RESET)
    __Vectors_End                            0x080000ec   Data           0  startup_stm32f10x_md.o(RESET)
    __main                                   0x080000ed   Thumb Code     0  entry.o(.ARM.Collect$$$$00000000)
    _main_stk                                0x080000ed   Thumb Code     0  entry2.o(.ARM.Collect$$$$00000001)
    _main_scatterload                        0x080000f1   Thumb Code     0  entry5.o(.ARM.Collect$$$$00000004)
    __main_after_scatterload                 0x080000f5   Thumb Code     0  entry5.o(.ARM.Collect$$$$00000004)
    _main_clock                              0x080000f5   Thumb Code     0  entry7b.o(.ARM.Collect$$$$00000008)
    _main_cpp_init                           0x080000f5   Thumb Code     0  entry8b.o(.ARM.Collect$$$$0000000A)
    _main_init                               0x080000f5   Thumb Code     0  entry9a.o(.ARM.Collect$$$$0000000B)
    __rt_final_cpp                           0x080000fd   Thumb Code     0  entry10a.o(.ARM.Collect$$$$0000000D)
    __rt_final_exit                          0x080000fd   Thumb Code     0  entry11a.o(.ARM.Collect$$$$0000000F)
    RCC_Configuration                        0x08000101   Thumb Code    88  mian.o(.text)
    main                                     0x08000159   Thumb Code   132  mian.o(.text)
    NMI_Handler                              0x08000235   Thumb Code     2  stm32f10x_it.o(.text)
    HardFault_Handler                        0x08000237   Thumb Code     4  stm32f10x_it.o(.text)
    MemManage_Handler                        0x0800023b   Thumb Code     4  stm32f10x_it.o(.text)
    BusFault_Handler                         0x0800023f   Thumb Code     4  stm32f10x_it.o(.text)
    UsageFault_Handler                       0x08000243   Thumb Code     4  stm32f10x_it.o(.text)
    SVC_Handler                              0x08000247   Thumb Code     2  stm32f10x_it.o(.text)
    DebugMon_Handler                         0x08000249   Thumb Code     2  stm32f10x_it.o(.text)
    PendSV_Handler                           0x0800024b   Thumb Code     2  stm32f10x_it.o(.text)
    SysTick_Handler                          0x0800024d   Thumb Code     2  stm32f10x_it.o(.text)
    RTCAlarm_IRQHandler                      0x0800024f   Thumb Code    56  stm32f10x_it.o(.text)
    EXTI0_IRQHandler                         0x08000287   Thumb Code    38  stm32f10x_it.o(.text)
    EXTI9_5_IRQHandler                       0x080002ad   Thumb Code     2  stm32f10x_it.o(.text)
    USART1_IRQHandler                        0x080002af   Thumb Code   190  stm32f10x_it.o(.text)
    USART1_Config                            0x0800038d   Thumb Code   164  usart1.o(.text)
    fputc                                    0x08000431   Thumb Code    30  usart1.o(.text)
    Delay                                    0x08000459   Thumb Code    38  delay.o(.text)
    audio_config                             0x08000481   Thumb Code    38  audio.o(.text)
    audio                                    0x080004a7   Thumb Code    86  audio.o(.text)
    busy_box                                 0x08000509   Thumb Code    66  busybox.o(.text)
    lock_config                              0x08000551   Thumb Code    46  lock.o(.text)
    lock                                     0x0800057f   Thumb Code    62  lock.o(.text)
    string_divide                            0x0800061d   Thumb Code    84  common.o(.text)
    string_first                             0x08000671   Thumb Code    72  common.o(.text)
    wakeup                                   0x080006b9   Thumb Code    20  common.o(.text)
    sleep                                    0x080006cd   Thumb Code    20  common.o(.text)
    rs485_config                             0x080006fd   Thumb Code    38  rs485.o(.text)
    rs485                                    0x08000723   Thumb Code    12  rs485.o(.text)
    nrf_spi_init                             0x08000735   Thumb Code   290  nrf24l01.o(.text)
    nrf_wr_reg                               0x0800088b   Thumb Code    56  nrf24l01.o(.text)
    nrf_rd_reg                               0x080008c3   Thumb Code    54  nrf24l01.o(.text)
    nrf_rd_buf                               0x08000943   Thumb Code    60  nrf24l01.o(.text)
    power_off                                0x0800097f   Thumb Code    36  nrf24l01.o(.text)
    power_on                                 0x080009a3   Thumb Code    36  nrf24l01.o(.text)
    ifnnrf_rx_mode                           0x080009c7   Thumb Code    82  nrf24l01.o(.text)
    nrf_send                                 0x08000a19   Thumb Code    66  nrf24l01.o(.text)
    nrf_clear_reg                            0x08000a5b   Thumb Code    56  nrf24l01.o(.text)
    nrf_clear_all                            0x08000a93   Thumb Code    24  nrf24l01.o(.text)
    nrf                                      0x08000aab   Thumb Code    28  nrf24l01.o(.text)
    nrf_config                               0x08000ac7   Thumb Code    12  nrf24l01.o(.text)
    power_config                             0x08000b25   Thumb Code    40  power.o(.text)
    powerd_dcdc                              0x08000b4d   Thumb Code    30  power.o(.text)
    RTC_Config                               0x08000b75   Thumb Code    90  rtc.o(.text)
    WKUP_NVIC_Config                         0x08000bcf   Thumb Code    94  rtc.o(.text)
    Sleep                                    0x08000c2d   Thumb Code    48  rtc.o(.text)
    Reset_Handler                            0x08000c5d   Thumb Code     8  startup_stm32f10x_md.o(.text)
    ADC1_2_IRQHandler                        0x08000c77   Thumb Code     0  startup_stm32f10x_md.o(.text)
    CAN1_RX1_IRQHandler                      0x08000c77   Thumb Code     0  startup_stm32f10x_md.o(.text)
    CAN1_SCE_IRQHandler                      0x08000c77   Thumb Code     0  startup_stm32f10x_md.o(.text)
    DMA1_Channel1_IRQHandler                 0x08000c77   Thumb Code     0  startup_stm32f10x_md.o(.text)
    DMA1_Channel2_IRQHandler                 0x08000c77   Thumb Code     0  startup_stm32f10x_md.o(.text)
    DMA1_Channel3_IRQHandler                 0x08000c77   Thumb Code     0  startup_stm32f10x_md.o(.text)
    DMA1_Channel4_IRQHandler                 0x08000c77   Thumb Code     0  startup_stm32f10x_md.o(.text)
    DMA1_Channel5_IRQHandler                 0x08000c77   Thumb Code     0  startup_stm32f10x_md.o(.text)
    DMA1_Channel6_IRQHandler                 0x08000c77   Thumb Code     0  startup_stm32f10x_md.o(.text)
    DMA1_Channel7_IRQHandler                 0x08000c77   Thumb Code     0  startup_stm32f10x_md.o(.text)
    EXTI15_10_IRQHandler                     0x08000c77   Thumb Code     0  startup_stm32f10x_md.o(.text)
    EXTI1_IRQHandler                         0x08000c77   Thumb Code     0  startup_stm32f10x_md.o(.text)
    EXTI2_IRQHandler                         0x08000c77   Thumb Code     0  startup_stm32f10x_md.o(.text)
    EXTI3_IRQHandler                         0x08000c77   Thumb Code     0  startup_stm32f10x_md.o(.text)
    EXTI4_IRQHandler                         0x08000c77   Thumb Code     0  startup_stm32f10x_md.o(.text)
    FLASH_IRQHandler                         0x08000c77   Thumb Code     0  startup_stm32f10x_md.o(.text)
    I2C1_ER_IRQHandler                       0x08000c77   Thumb Code     0  startup_stm32f10x_md.o(.text)
    I2C1_EV_IRQHandler                       0x08000c77   Thumb Code     0  startup_stm32f10x_md.o(.text)
    I2C2_ER_IRQHandler                       0x08000c77   Thumb Code     0  startup_stm32f10x_md.o(.text)
    I2C2_EV_IRQHandler                       0x08000c77   Thumb Code     0  startup_stm32f10x_md.o(.text)
    PVD_IRQHandler                           0x08000c77   Thumb Code     0  startup_stm32f10x_md.o(.text)
    RCC_IRQHandler                           0x08000c77   Thumb Code     0  startup_stm32f10x_md.o(.text)
    RTC_IRQHandler                           0x08000c77   Thumb Code     0  startup_stm32f10x_md.o(.text)
    SPI1_IRQHandler                          0x08000c77   Thumb Code     0  startup_stm32f10x_md.o(.text)
    SPI2_IRQHandler                          0x08000c77   Thumb Code     0  startup_stm32f10x_md.o(.text)
    TAMPER_IRQHandler                        0x08000c77   Thumb Code     0  startup_stm32f10x_md.o(.text)
    TIM1_BRK_IRQHandler                      0x08000c77   Thumb Code     0  startup_stm32f10x_md.o(.text)
    TIM1_CC_IRQHandler                       0x08000c77   Thumb Code     0  startup_stm32f10x_md.o(.text)
    TIM1_TRG_COM_IRQHandler                  0x08000c77   Thumb Code     0  startup_stm32f10x_md.o(.text)
    TIM1_UP_IRQHandler                       0x08000c77   Thumb Code     0  startup_stm32f10x_md.o(.text)
    TIM2_IRQHandler                          0x08000c77   Thumb Code     0  startup_stm32f10x_md.o(.text)
    TIM3_IRQHandler                          0x08000c77   Thumb Code     0  startup_stm32f10x_md.o(.text)
    TIM4_IRQHandler                          0x08000c77   Thumb Code     0  startup_stm32f10x_md.o(.text)
    USART2_IRQHandler                        0x08000c77   Thumb Code     0  startup_stm32f10x_md.o(.text)
    USART3_IRQHandler                        0x08000c77   Thumb Code     0  startup_stm32f10x_md.o(.text)
    USBWakeUp_IRQHandler                     0x08000c77   Thumb Code     0  startup_stm32f10x_md.o(.text)
    USB_HP_CAN1_TX_IRQHandler                0x08000c77   Thumb Code     0  startup_stm32f10x_md.o(.text)
    USB_LP_CAN1_RX0_IRQHandler               0x08000c77   Thumb Code     0  startup_stm32f10x_md.o(.text)
    WWDG_IRQHandler                          0x08000c77   Thumb Code     0  startup_stm32f10x_md.o(.text)
    SystemInit                               0x08000d5d   Thumb Code    78  system_stm32f10x.o(.text)
    SystemCoreClockUpdate                    0x08000dab   Thumb Code   142  system_stm32f10x.o(.text)
    NVIC_PriorityGroupConfig                 0x08000e5d   Thumb Code    10  misc.o(.text)
    NVIC_Init                                0x08000e67   Thumb Code   102  misc.o(.text)
    NVIC_SetVectorTable                      0x08000ecd   Thumb Code    14  misc.o(.text)
    NVIC_SystemLPConfig                      0x08000edb   Thumb Code    34  misc.o(.text)
    SysTick_CLKSourceConfig                  0x08000efd   Thumb Code    40  misc.o(.text)
    BKP_DeInit                               0x08000f39   Thumb Code    16  stm32f10x_bkp.o(.text)
    BKP_TamperPinLevelConfig                 0x08000f49   Thumb Code     6  stm32f10x_bkp.o(.text)
    BKP_TamperPinCmd                         0x08000f4f   Thumb Code     8  stm32f10x_bkp.o(.text)
    BKP_ITConfig                             0x08000f57   Thumb Code     8  stm32f10x_bkp.o(.text)
    BKP_RTCOutputConfig                      0x08000f5f   Thumb Code    22  stm32f10x_bkp.o(.text)
    BKP_SetRTCCalibrationValue               0x08000f75   Thumb Code    22  stm32f10x_bkp.o(.text)
    BKP_WriteBackupRegister                  0x08000f8b   Thumb Code    24  stm32f10x_bkp.o(.text)
    BKP_ReadBackupRegister                   0x08000fa3   Thumb Code    26  stm32f10x_bkp.o(.text)
    BKP_GetFlagStatus                        0x08000fbd   Thumb Code    10  stm32f10x_bkp.o(.text)
    BKP_ClearFlag                            0x08000fc7   Thumb Code    18  stm32f10x_bkp.o(.text)
    BKP_GetITStatus                          0x08000fd9   Thumb Code    10  stm32f10x_bkp.o(.text)
    BKP_ClearITPendingBit                    0x08000fe3   Thumb Code    18  stm32f10x_bkp.o(.text)
    EXTI_DeInit                              0x08000ffd   Thumb Code    28  stm32f10x_exti.o(.text)
    EXTI_Init                                0x08001019   Thumb Code   142  stm32f10x_exti.o(.text)
    EXTI_StructInit                          0x080010a7   Thumb Code    16  stm32f10x_exti.o(.text)
    EXTI_GenerateSWInterrupt                 0x080010b7   Thumb Code    16  stm32f10x_exti.o(.text)
    EXTI_GetFlagStatus                       0x080010c7   Thumb Code    22  stm32f10x_exti.o(.text)
    EXTI_ClearFlag                           0x080010dd   Thumb Code     8  stm32f10x_exti.o(.text)
    EXTI_GetITStatus                         0x080010e5   Thumb Code    34  stm32f10x_exti.o(.text)
    EXTI_ClearITPendingBit                   0x08001107   Thumb Code     8  stm32f10x_exti.o(.text)
    GPIO_DeInit                              0x08001119   Thumb Code   172  stm32f10x_gpio.o(.text)
    GPIO_AFIODeInit                          0x080011c5   Thumb Code    20  stm32f10x_gpio.o(.text)
    GPIO_Init                                0x080011d9   Thumb Code   274  stm32f10x_gpio.o(.text)
    GPIO_StructInit                          0x080012eb   Thumb Code    16  stm32f10x_gpio.o(.text)
    GPIO_ReadInputDataBit                    0x080012fb   Thumb Code    18  stm32f10x_gpio.o(.text)
    GPIO_ReadInputData                       0x0800130d   Thumb Code     8  stm32f10x_gpio.o(.text)
    GPIO_ReadOutputDataBit                   0x08001315   Thumb Code    18  stm32f10x_gpio.o(.text)
    GPIO_ReadOutputData                      0x08001327   Thumb Code     8  stm32f10x_gpio.o(.text)
    GPIO_SetBits                             0x0800132f   Thumb Code     4  stm32f10x_gpio.o(.text)
    GPIO_ResetBits                           0x08001333   Thumb Code     4  stm32f10x_gpio.o(.text)
    GPIO_WriteBit                            0x08001337   Thumb Code    10  stm32f10x_gpio.o(.text)
    GPIO_Write                               0x08001341   Thumb Code     4  stm32f10x_gpio.o(.text)
    GPIO_PinLockConfig                       0x08001345   Thumb Code    18  stm32f10x_gpio.o(.text)
    GPIO_EventOutputConfig                   0x08001357   Thumb Code    26  stm32f10x_gpio.o(.text)
    GPIO_EventOutputCmd                      0x08001371   Thumb Code     6  stm32f10x_gpio.o(.text)
    GPIO_PinRemapConfig                      0x08001377   Thumb Code   138  stm32f10x_gpio.o(.text)
    GPIO_EXTILineConfig                      0x08001401   Thumb Code    66  stm32f10x_gpio.o(.text)
    GPIO_ETH_MediaInterfaceConfig            0x08001443   Thumb Code     6  stm32f10x_gpio.o(.text)
    PWR_DeInit                               0x08001471   Thumb Code    22  stm32f10x_pwr.o(.text)
    PWR_BackupAccessCmd                      0x08001487   Thumb Code     6  stm32f10x_pwr.o(.text)
    PWR_PVDCmd                               0x0800148d   Thumb Code     6  stm32f10x_pwr.o(.text)
    PWR_PVDLevelConfig                       0x08001493   Thumb Code    18  stm32f10x_pwr.o(.text)
    PWR_WakeUpPinCmd                         0x080014a5   Thumb Code     6  stm32f10x_pwr.o(.text)
    PWR_EnterSTOPMode                        0x080014ab   Thumb Code    54  stm32f10x_pwr.o(.text)
    PWR_EnterSTANDBYMode                     0x080014e1   Thumb Code    42  stm32f10x_pwr.o(.text)
    PWR_GetFlagStatus                        0x0800150b   Thumb Code    20  stm32f10x_pwr.o(.text)
    PWR_ClearFlag                            0x0800151f   Thumb Code    14  stm32f10x_pwr.o(.text)
    RCC_DeInit                               0x0800153d   Thumb Code    64  stm32f10x_rcc.o(.text)
    RCC_HSEConfig                            0x0800157d   Thumb Code    70  stm32f10x_rcc.o(.text)
    RCC_GetFlagStatus                        0x080015c3   Thumb Code    56  stm32f10x_rcc.o(.text)
    RCC_WaitForHSEStartUp                    0x080015fb   Thumb Code    56  stm32f10x_rcc.o(.text)
    RCC_AdjustHSICalibrationValue            0x08001633   Thumb Code    20  stm32f10x_rcc.o(.text)
    RCC_HSICmd                               0x08001647   Thumb Code     6  stm32f10x_rcc.o(.text)
    RCC_PLLConfig                            0x0800164d   Thumb Code    24  stm32f10x_rcc.o(.text)
    RCC_PLLCmd                               0x08001665   Thumb Code     6  stm32f10x_rcc.o(.text)
    RCC_SYSCLKConfig                         0x0800166b   Thumb Code    18  stm32f10x_rcc.o(.text)
    RCC_GetSYSCLKSource                      0x0800167d   Thumb Code    10  stm32f10x_rcc.o(.text)
    RCC_HCLKConfig                           0x08001687   Thumb Code    18  stm32f10x_rcc.o(.text)
    RCC_PCLK1Config                          0x08001699   Thumb Code    18  stm32f10x_rcc.o(.text)
    RCC_PCLK2Config                          0x080016ab   Thumb Code    20  stm32f10x_rcc.o(.text)
    RCC_ITConfig                             0x080016bf   Thumb Code    26  stm32f10x_rcc.o(.text)
    RCC_USBCLKConfig                         0x080016d9   Thumb Code     6  stm32f10x_rcc.o(.text)
    RCC_ADCCLKConfig                         0x080016df   Thumb Code    18  stm32f10x_rcc.o(.text)
    RCC_LSEConfig                            0x080016f1   Thumb Code    44  stm32f10x_rcc.o(.text)
    RCC_LSICmd                               0x0800171d   Thumb Code     6  stm32f10x_rcc.o(.text)
    RCC_RTCCLKConfig                         0x08001723   Thumb Code    12  stm32f10x_rcc.o(.text)
    RCC_RTCCLKCmd                            0x0800172f   Thumb Code     8  stm32f10x_rcc.o(.text)
    RCC_GetClocksFreq                        0x08001737   Thumb Code   192  stm32f10x_rcc.o(.text)
    RCC_AHBPeriphClockCmd                    0x080017f7   Thumb Code    26  stm32f10x_rcc.o(.text)
    RCC_APB2PeriphClockCmd                   0x08001811   Thumb Code    26  stm32f10x_rcc.o(.text)
    RCC_APB1PeriphClockCmd                   0x0800182b   Thumb Code    26  stm32f10x_rcc.o(.text)
    RCC_APB2PeriphResetCmd                   0x08001845   Thumb Code    26  stm32f10x_rcc.o(.text)
    RCC_APB1PeriphResetCmd                   0x0800185f   Thumb Code    26  stm32f10x_rcc.o(.text)
    RCC_BackupResetCmd                       0x08001879   Thumb Code     8  stm32f10x_rcc.o(.text)
    RCC_ClockSecuritySystemCmd               0x08001881   Thumb Code     6  stm32f10x_rcc.o(.text)
    RCC_MCOConfig                            0x08001887   Thumb Code     6  stm32f10x_rcc.o(.text)
    RCC_ClearFlag                            0x0800188d   Thumb Code    14  stm32f10x_rcc.o(.text)
    RCC_GetITStatus                          0x0800189b   Thumb Code    20  stm32f10x_rcc.o(.text)
    RCC_ClearITPendingBit                    0x080018af   Thumb Code     6  stm32f10x_rcc.o(.text)
    RTC_ITConfig                             0x080018e1   Thumb Code    26  stm32f10x_rtc.o(.text)
    RTC_EnterConfigMode                      0x080018fb   Thumb Code    18  stm32f10x_rtc.o(.text)
    RTC_ExitConfigMode                       0x0800190d   Thumb Code    20  stm32f10x_rtc.o(.text)
    RTC_GetCounter                           0x08001921   Thumb Code    18  stm32f10x_rtc.o(.text)
    RTC_SetCounter                           0x08001933   Thumb Code    26  stm32f10x_rtc.o(.text)
    RTC_SetPrescaler                         0x0800194d   Thumb Code    28  stm32f10x_rtc.o(.text)
    RTC_SetAlarm                             0x08001969   Thumb Code    26  stm32f10x_rtc.o(.text)
    RTC_GetDivider                           0x08001983   Thumb Code    22  stm32f10x_rtc.o(.text)
    RTC_WaitForLastTask                      0x08001999   Thumb Code    16  stm32f10x_rtc.o(.text)
    RTC_WaitForSynchro                       0x080019a9   Thumb Code    34  stm32f10x_rtc.o(.text)
    RTC_GetFlagStatus                        0x080019cb   Thumb Code    22  stm32f10x_rtc.o(.text)
    RTC_ClearFlag                            0x080019e1   Thumb Code    16  stm32f10x_rtc.o(.text)
    RTC_GetITStatus                          0x080019f1   Thumb Code    32  stm32f10x_rtc.o(.text)
    RTC_ClearITPendingBit                    0x08001a11   Thumb Code    16  stm32f10x_rtc.o(.text)
    SPI_I2S_DeInit                           0x08001a25   Thumb Code    76  stm32f10x_spi.o(.text)
    SPI_Init                                 0x08001a71   Thumb Code    60  stm32f10x_spi.o(.text)
    I2S_Init                                 0x08001aad   Thumb Code   226  stm32f10x_spi.o(.text)
    SPI_StructInit                           0x08001b8f   Thumb Code    24  stm32f10x_spi.o(.text)
    I2S_StructInit                           0x08001ba7   Thumb Code    20  stm32f10x_spi.o(.text)
    SPI_Cmd                                  0x08001bbb   Thumb Code    24  stm32f10x_spi.o(.text)
    I2S_Cmd                                  0x08001bd3   Thumb Code    24  stm32f10x_spi.o(.text)
    SPI_I2S_ITConfig                         0x08001beb   Thumb Code    32  stm32f10x_spi.o(.text)
    SPI_I2S_DMACmd                           0x08001c0b   Thumb Code    18  stm32f10x_spi.o(.text)
    SPI_I2S_SendData                         0x08001c1d   Thumb Code     4  stm32f10x_spi.o(.text)
    SPI_I2S_ReceiveData                      0x08001c21   Thumb Code     6  stm32f10x_spi.o(.text)
    SPI_NSSInternalSoftwareConfig            0x08001c27   Thumb Code    30  stm32f10x_spi.o(.text)
    SPI_SSOutputCmd                          0x08001c45   Thumb Code    24  stm32f10x_spi.o(.text)
    SPI_DataSizeConfig                       0x08001c5d   Thumb Code    18  stm32f10x_spi.o(.text)
    SPI_TransmitCRC                          0x08001c6f   Thumb Code    10  stm32f10x_spi.o(.text)
    SPI_CalculateCRC                         0x08001c79   Thumb Code    24  stm32f10x_spi.o(.text)
    SPI_GetCRC                               0x08001c91   Thumb Code    16  stm32f10x_spi.o(.text)
    SPI_GetCRCPolynomial                     0x08001ca1   Thumb Code     6  stm32f10x_spi.o(.text)
    SPI_BiDirectionalLineConfig              0x08001ca7   Thumb Code    28  stm32f10x_spi.o(.text)
    SPI_I2S_GetFlagStatus                    0x08001cc3   Thumb Code    18  stm32f10x_spi.o(.text)
    SPI_I2S_ClearFlag                        0x08001cd5   Thumb Code     6  stm32f10x_spi.o(.text)
    SPI_I2S_GetITStatus                      0x08001cdb   Thumb Code    52  stm32f10x_spi.o(.text)
    SPI_I2S_ClearITPendingBit                0x08001d0f   Thumb Code    20  stm32f10x_spi.o(.text)
    USART_DeInit                             0x08001d31   Thumb Code   134  stm32f10x_usart.o(.text)
    USART_Init                               0x08001db7   Thumb Code   210  stm32f10x_usart.o(.text)
    USART_StructInit                         0x08001e89   Thumb Code    24  stm32f10x_usart.o(.text)
    USART_ClockInit                          0x08001ea1   Thumb Code    34  stm32f10x_usart.o(.text)
    USART_ClockStructInit                    0x08001ec3   Thumb Code    12  stm32f10x_usart.o(.text)
    USART_Cmd                                0x08001ecf   Thumb Code    24  stm32f10x_usart.o(.text)
    USART_ITConfig                           0x08001ee7   Thumb Code    74  stm32f10x_usart.o(.text)
    USART_DMACmd                             0x08001f31   Thumb Code    18  stm32f10x_usart.o(.text)
    USART_SetAddress                         0x08001f43   Thumb Code    18  stm32f10x_usart.o(.text)
    USART_WakeUpConfig                       0x08001f55   Thumb Code    18  stm32f10x_usart.o(.text)
    USART_ReceiverWakeUpCmd                  0x08001f67   Thumb Code    24  stm32f10x_usart.o(.text)
    USART_LINBreakDetectLengthConfig         0x08001f7f   Thumb Code    18  stm32f10x_usart.o(.text)
    USART_LINCmd                             0x08001f91   Thumb Code    24  stm32f10x_usart.o(.text)
    USART_SendData                           0x08001fa9   Thumb Code     8  stm32f10x_usart.o(.text)
    USART_ReceiveData                        0x08001fb1   Thumb Code    10  stm32f10x_usart.o(.text)
    USART_SendBreak                          0x08001fbb   Thumb Code    10  stm32f10x_usart.o(.text)
    USART_SetGuardTime                       0x08001fc5   Thumb Code    16  stm32f10x_usart.o(.text)
    USART_SetPrescaler                       0x08001fd5   Thumb Code    16  stm32f10x_usart.o(.text)
    USART_SmartCardCmd                       0x08001fe5   Thumb Code    24  stm32f10x_usart.o(.text)
    USART_SmartCardNACKCmd                   0x08001ffd   Thumb Code    24  stm32f10x_usart.o(.text)
    USART_HalfDuplexCmd                      0x08002015   Thumb Code    24  stm32f10x_usart.o(.text)
    USART_OverSampling8Cmd                   0x0800202d   Thumb Code    22  stm32f10x_usart.o(.text)
    USART_OneBitMethodCmd                    0x08002043   Thumb Code    24  stm32f10x_usart.o(.text)
    USART_IrDAConfig                         0x0800205b   Thumb Code    18  stm32f10x_usart.o(.text)
    USART_IrDACmd                            0x0800206d   Thumb Code    24  stm32f10x_usart.o(.text)
    USART_GetFlagStatus                      0x08002085   Thumb Code    26  stm32f10x_usart.o(.text)
    USART_ClearFlag                          0x0800209f   Thumb Code    18  stm32f10x_usart.o(.text)
    USART_GetITStatus                        0x080020b1   Thumb Code    84  stm32f10x_usart.o(.text)
    USART_ClearITPendingBit                  0x08002105   Thumb Code    52  stm32f10x_usart.o(.text)
    __aeabi_memcpy                           0x08002139   Thumb Code    36  memcpya.o(.text)
    __aeabi_memcpy4                          0x08002139   Thumb Code     0  memcpya.o(.text)
    __aeabi_memcpy8                          0x08002139   Thumb Code     0  memcpya.o(.text)
    strlen                                   0x0800215d   Thumb Code    14  strlen.o(.text)
    strcmp                                   0x0800216b   Thumb Code    28  strcmp.o(.text)
    strcpy                                   0x08002187   Thumb Code    18  strcpy.o(.text)
    __aeabi_uidiv                            0x08002199   Thumb Code     0  uidiv.o(.text)
    __aeabi_uidivmod                         0x08002199   Thumb Code    44  uidiv.o(.text)
    __scatterload                            0x080021c5   Thumb Code    28  init.o(.text)
    __scatterload_rt2                        0x080021c5   Thumb Code     0  init.o(.text)
    __0printf$3                              0x080021e9   Thumb Code    22  printf3.o(i.__0printf$3)
    __1printf$3                              0x080021e9   Thumb Code     0  printf3.o(i.__0printf$3)
    __2printf                                0x080021e9   Thumb Code     0  printf3.o(i.__0printf$3)
    __scatterload_copy                       0x08002209   Thumb Code    14  handlers.o(i.__scatterload_copy)
    __scatterload_null                       0x08002217   Thumb Code     2  handlers.o(i.__scatterload_null)
    __scatterload_zeroinit                   0x08002219   Thumb Code    14  handlers.o(i.__scatterload_zeroinit)
    putc                                     0x080023e1   Thumb Code     4  putc.o(i.putc)
    Region$$Table$$Base                      0x080023ec   Number         0  anon$$obj.o(Region$$Table)
    Region$$Table$$Limit                     0x0800240c   Number         0  anon$$obj.o(Region$$Table)
    buf_debug_status                         0x20000000   Data           1  mian.o(.data)
    buf_cmd_status                           0x20000001   Data           1  mian.o(.data)
    buf_debug_index                          0x20000004   Data           4  mian.o(.data)
    buf_cmd_index                            0x20000008   Data           4  mian.o(.data)
    RxData                                   0x2000000c   Data           1  stm32f10x_it.o(.data)
    work_status                              0x20000060   Data           4  common.o(.data)
    TX_ADDRESS                               0x20000064   Data           5  nrf24l01.o(.data)
    rx_buf                                   0x20000069   Data           1  nrf24l01.o(.data)
    tx_buf                                   0x2000006a   Data           1  nrf24l01.o(.data)
    SystemCoreClock                          0x2000006c   Data           4  system_stm32f10x.o(.data)
    AHBPrescTable                            0x20000070   Data          16  system_stm32f10x.o(.data)
    __stdout                                 0x20000094   Data           4  stdout.o(.data)
    buf_debug                                0x20000098   Data          20  mian.o(.bss)
    buf_cmd                                  0x200000ac   Data          20  mian.o(.bss)
    __initial_sp                             0x200004c0   Data           0  startup_stm32f10x_md.o(STACK)



==============================================================================

Memory Map of the image

  Image Entry point : 0x080000ed

  Load Region LR_IROM1 (Base: 0x08000000, Size: 0x000024a4, Max: 0x00010000, ABSOLUTE)

    Execution Region ER_IROM1 (Base: 0x08000000, Size: 0x0000240c, Max: 0x00010000, ABSOLUTE)

    Base Addr    Size         Type   Attr      Idx    E Section Name        Object

    0x08000000   0x000000ec   Data   RO          292    RESET               startup_stm32f10x_md.o
    0x080000ec   0x00000000   Code   RO          626  * .ARM.Collect$$$$00000000  mc_w.l(entry.o)
    0x080000ec   0x00000004   Code   RO          903    .ARM.Collect$$$$00000001  mc_w.l(entry2.o)
    0x080000f0   0x00000004   Code   RO          906    .ARM.Collect$$$$00000004  mc_w.l(entry5.o)
    0x080000f4   0x00000000   Code   RO          908    .ARM.Collect$$$$00000008  mc_w.l(entry7b.o)
    0x080000f4   0x00000000   Code   RO          910    .ARM.Collect$$$$0000000A  mc_w.l(entry8b.o)
    0x080000f4   0x00000008   Code   RO          911    .ARM.Collect$$$$0000000B  mc_w.l(entry9a.o)
    0x080000fc   0x00000000   Code   RO          913    .ARM.Collect$$$$0000000D  mc_w.l(entry10a.o)
    0x080000fc   0x00000000   Code   RO          915    .ARM.Collect$$$$0000000F  mc_w.l(entry11a.o)
    0x080000fc   0x00000004   Code   RO          904    .ARM.Collect$$$$00002712  mc_w.l(entry2.o)
    0x08000100   0x00000134   Code   RO            1    .text               mian.o
    0x08000234   0x00000158   Code   RO          108    .text               stm32f10x_it.o
    0x0800038c   0x000000cc   Code   RO          130    .text               usart1.o
    0x08000458   0x00000026   Code   RO          149    .text               delay.o
    0x0800047e   0x00000002   PAD
    0x08000480   0x00000088   Code   RO          161    .text               audio.o
    0x08000508   0x00000048   Code   RO          173    .text               busybox.o
    0x08000550   0x0000007c   Code   RO          187    .text               lock.o
    0x080005cc   0x00000130   Code   RO          199    .text               common.o
    0x080006fc   0x00000038   Code   RO          225    .text               rs485.o
    0x08000734   0x000003f0   Code   RO          237    .text               nrf24l01.o
    0x08000b24   0x00000050   Code   RO          255    .text               power.o
    0x08000b74   0x000000e8   Code   RO          267    .text               rtc.o
    0x08000c5c   0x00000024   Code   RO          293    .text               startup_stm32f10x_md.o
    0x08000c80   0x000001dc   Code   RO          297    .text               system_stm32f10x.o
    0x08000e5c   0x000000dc   Code   RO          315    .text               misc.o
    0x08000f38   0x000000c4   Code   RO          342    .text               stm32f10x_bkp.o
    0x08000ffc   0x0000011c   Code   RO          441    .text               stm32f10x_exti.o
    0x08001118   0x00000358   Code   RO          483    .text               stm32f10x_gpio.o
    0x08001470   0x000000cc   Code   RO          522    .text               stm32f10x_pwr.o
    0x0800153c   0x000003a4   Code   RO          534    .text               stm32f10x_rcc.o
    0x080018e0   0x00000144   Code   RO          548    .text               stm32f10x_rtc.o
    0x08001a24   0x0000030c   Code   RO          575    .text               stm32f10x_spi.o
    0x08001d30   0x00000408   Code   RO          599    .text               stm32f10x_usart.o
    0x08002138   0x00000024   Code   RO          632    .text               mc_w.l(memcpya.o)
    0x0800215c   0x0000000e   Code   RO          634    .text               mc_w.l(strlen.o)
    0x0800216a   0x0000001c   Code   RO          636    .text               mc_w.l(strcmp.o)
    0x08002186   0x00000012   Code   RO          638    .text               mc_w.l(strcpy.o)
    0x08002198   0x0000002c   Code   RO          917    .text               mc_w.l(uidiv.o)
    0x080021c4   0x00000024   Code   RO          932    .text               mc_w.l(init.o)
    0x080021e8   0x00000020   Code   RO          731    i.__0printf$3       mc_w.l(printf3.o)
    0x08002208   0x0000000e   Code   RO          944    i.__scatterload_copy  mc_w.l(handlers.o)
    0x08002216   0x00000002   Code   RO          945    i.__scatterload_null  mc_w.l(handlers.o)
    0x08002218   0x0000000e   Code   RO          946    i.__scatterload_zeroinit  mc_w.l(handlers.o)
    0x08002226   0x00000002   PAD
    0x08002228   0x000001b8   Code   RO          738    i._printf_core      mc_w.l(printf3.o)
    0x080023e0   0x00000004   Code   RO          629    i.putc              mc_w.l(putc.o)
    0x080023e4   0x00000005   Data   RO            3    .constdata          mian.o
    0x080023e9   0x00000003   PAD
    0x080023ec   0x00000020   Data   RO          942    Region$$Table       anon$$obj.o


    Execution Region RW_IRAM1 (Base: 0x20000000, Size: 0x000004c0, Max: 0x00005000, ABSOLUTE)

    Base Addr    Size         Type   Attr      Idx    E Section Name        Object

    0x20000000   0x0000000c   Data   RW            4    .data               mian.o
    0x2000000c   0x00000001   Data   RW          109    .data               stm32f10x_it.o
    0x2000000d   0x00000003   PAD
    0x20000010   0x00000050   Data   RW          174    .data               busybox.o
    0x20000060   0x00000004   Data   RW          200    .data               common.o
    0x20000064   0x00000007   Data   RW          238    .data               nrf24l01.o
    0x2000006b   0x00000001   PAD
    0x2000006c   0x00000014   Data   RW          298    .data               system_stm32f10x.o
    0x20000080   0x00000014   Data   RW          535    .data               stm32f10x_rcc.o
    0x20000094   0x00000004   Data   RW          631    .data               mc_w.l(stdout.o)
    0x20000098   0x00000028   Zero   RW            2    .bss                mian.o
    0x200000c0   0x00000400   Zero   RW          290    STACK               startup_stm32f10x_md.o


==============================================================================

Image component sizes


      Code (inc. data)   RO Data    RW Data    ZI Data      Debug   Object Name

       136         12          0          0          0        689   audio.o
        72          6          0         80          0       1279   busybox.o
       304         28          0          4          0       1836   common.o
         0          0          0          0          0         32   core_cm3.o
        38          0          0          0          0        392   delay.o
       124         16          0          0          0        675   lock.o
       308         88          5         12         40     234407   mian.o
       220         20          0          0          0       1629   misc.o
      1008         82          0          7          0      10813   nrf24l01.o
        80         10          0          0          0        587   power.o
        56          6          0          0          0        521   rs485.o
       232          0          0          0          0        816   rtc.o
        36          8        236          0       1024        724   startup_stm32f10x_md.o
       196          8          0          0          0       3292   stm32f10x_bkp.o
       284         10          0          0          0       2059   stm32f10x_exti.o
       856         40          0          0          0       5469   stm32f10x_gpio.o
       344         32          0          1          0       2029   stm32f10x_it.o
       204         16          0          0          0       1839   stm32f10x_pwr.o
       932         44          0         20          0       8568   stm32f10x_rcc.o
       324          4          0          0          0       2590   stm32f10x_rtc.o
       780         14          0          0          0       6354   stm32f10x_spi.o
      1032         22          0          0          0       8200   stm32f10x_usart.o
       476         36          0         20          0       1639   system_stm32f10x.o
       204         10          0          0          0       2478   usart1.o

    ----------------------------------------------------------------------
      8248        512        276        148       1064     298917   Object Totals
         0          0         32          0          0          0   (incl. Generated)
         2          0          3          4          0          0   (incl. Padding)

    ----------------------------------------------------------------------

      Code (inc. data)   RO Data    RW Data    ZI Data      Debug   Library Member Name

         0          0          0          0          0          0   entry.o
         0          0          0          0          0          0   entry10a.o
         0          0          0          0          0          0   entry11a.o
         8          4          0          0          0          0   entry2.o
         4          0          0          0          0          0   entry5.o
         0          0          0          0          0          0   entry7b.o
         0          0          0          0          0          0   entry8b.o
         8          4          0          0          0          0   entry9a.o
        30          0          0          0          0          0   handlers.o
        36          8          0          0          0         68   init.o
        36          0          0          0          0         68   memcpya.o
       472         14          0          0          0        180   printf3.o
         4          0          0          0          0         68   putc.o
         0          0          0          4          0          0   stdout.o
        28          0          0          0          0         76   strcmp.o
        18          0          0          0          0         68   strcpy.o
        14          0          0          0          0         68   strlen.o
        44          0          0          0          0         80   uidiv.o

    ----------------------------------------------------------------------
       704         30          0          4          0        676   Library Totals
         2          0          0          0          0          0   (incl. Padding)

    ----------------------------------------------------------------------

      Code (inc. data)   RO Data    RW Data    ZI Data      Debug   Library Name

       702         30          0          4          0        676   mc_w.l

    ----------------------------------------------------------------------
       704         30          0          4          0        676   Library Totals

    ----------------------------------------------------------------------

==============================================================================


      Code (inc. data)   RO Data    RW Data    ZI Data      Debug   

      8952        542        276        152       1064     297253   Grand Totals
      8952        542        276        152       1064     297253   ELF Image Totals
      8952        542        276        152          0          0   ROM Totals

==============================================================================

    Total RO  Size (Code + RO Data)                 9228 (   9.01kB)
    Total RW  Size (RW Data + ZI Data)              1216 (   1.19kB)
    Total ROM Size (Code + RO Data + RW Data)       9380 (   9.16kB)

==============================================================================

